Archive member included to satisfy reference by file (symbol)

/Users/mattheworris/arm-toolchain/arm-gnu-toolchain-15.2.rel1-darwin-arm64-arm-none-eabi/bin/../lib/gcc/arm-none-eabi/15.2.1/../../../../arm-none-eabi/lib/thumb/v7e-m+fp/hard/libstdc++_nano.a(new_op.o)
                              CMakeFiles/level_indicator.elf.dir/App/Src/main.cpp.obj (operator new(unsigned int))
/Users/mattheworris/arm-toolchain/arm-gnu-toolchain-15.2.rel1-darwin-arm64-arm-none-eabi/bin/../lib/gcc/arm-none-eabi/15.2.1/../../../../arm-none-eabi/lib/thumb/v7e-m+fp/hard/libstdc++_nano.a(new_handler.o)
                              /Users/mattheworris/arm-toolchain/arm-gnu-toolchain-15.2.rel1-darwin-arm64-arm-none-eabi/bin/../lib/gcc/arm-none-eabi/15.2.1/../../../../arm-none-eabi/lib/thumb/v7e-m+fp/hard/libstdc++_nano.a(new_op.o) (std::get_new_handler())
/Users/mattheworris/arm-toolchain/arm-gnu-toolchain-15.2.rel1-darwin-arm64-arm-none-eabi/bin/../lib/gcc/arm-none-eabi/15.2.1/../../../../arm-none-eabi/lib/thumb/v7e-m+fp/hard/libm.a(libm_a-wf_atan2.o)
                              CMakeFiles/level_indicator.elf.dir/App/Src/level_algorithm.cpp.obj (atan2f)
/Users/mattheworris/arm-toolchain/arm-gnu-toolchain-15.2.rel1-darwin-arm64-arm-none-eabi/bin/../lib/gcc/arm-none-eabi/15.2.1/../../../../arm-none-eabi/lib/thumb/v7e-m+fp/hard/libm.a(libm_a-ef_atan2.o)
                              /Users/mattheworris/arm-toolchain/arm-gnu-toolchain-15.2.rel1-darwin-arm64-arm-none-eabi/bin/../lib/gcc/arm-none-eabi/15.2.1/../../../../arm-none-eabi/lib/thumb/v7e-m+fp/hard/libm.a(libm_a-wf_atan2.o) (__ieee754_atan2f)
/Users/mattheworris/arm-toolchain/arm-gnu-toolchain-15.2.rel1-darwin-arm64-arm-none-eabi/bin/../lib/gcc/arm-none-eabi/15.2.1/../../../../arm-none-eabi/lib/thumb/v7e-m+fp/hard/libm.a(libm_a-sf_atan.o)
                              /Users/mattheworris/arm-toolchain/arm-gnu-toolchain-15.2.rel1-darwin-arm64-arm-none-eabi/bin/../lib/gcc/arm-none-eabi/15.2.1/../../../../arm-none-eabi/lib/thumb/v7e-m+fp/hard/libm.a(libm_a-ef_atan2.o) (atanf)
/Users/mattheworris/arm-toolchain/arm-gnu-toolchain-15.2.rel1-darwin-arm64-arm-none-eabi/bin/../lib/gcc/arm-none-eabi/15.2.1/../../../../arm-none-eabi/lib/thumb/v7e-m+fp/hard/libm.a(libm_a-sf_fabs.o)
                              /Users/mattheworris/arm-toolchain/arm-gnu-toolchain-15.2.rel1-darwin-arm64-arm-none-eabi/bin/../lib/gcc/arm-none-eabi/15.2.1/../../../../arm-none-eabi/lib/thumb/v7e-m+fp/hard/libm.a(libm_a-ef_atan2.o) (fabsf)
/Users/mattheworris/arm-toolchain/arm-gnu-toolchain-15.2.rel1-darwin-arm64-arm-none-eabi/bin/../lib/gcc/arm-none-eabi/15.2.1/../../../../arm-none-eabi/lib/thumb/v7e-m+fp/hard/libc_nano.a(libc_a-abort.o)
                              /Users/mattheworris/arm-toolchain/arm-gnu-toolchain-15.2.rel1-darwin-arm64-arm-none-eabi/bin/../lib/gcc/arm-none-eabi/15.2.1/../../../../arm-none-eabi/lib/thumb/v7e-m+fp/hard/libstdc++_nano.a(new_op.o) (abort)
/Users/mattheworris/arm-toolchain/arm-gnu-toolchain-15.2.rel1-darwin-arm64-arm-none-eabi/bin/../lib/gcc/arm-none-eabi/15.2.1/../../../../arm-none-eabi/lib/thumb/v7e-m+fp/hard/libc_nano.a(libc_a-exit.o)
                              /Users/mattheworris/arm-toolchain/arm-gnu-toolchain-15.2.rel1-darwin-arm64-arm-none-eabi/bin/../lib/gcc/arm-none-eabi/15.2.1/../../../../arm-none-eabi/lib/thumb/v7e-m+fp/hard/crt0.o (exit)
/Users/mattheworris/arm-toolchain/arm-gnu-toolchain-15.2.rel1-darwin-arm64-arm-none-eabi/bin/../lib/gcc/arm-none-eabi/15.2.1/../../../../arm-none-eabi/lib/thumb/v7e-m+fp/hard/libc_nano.a(libc_a-malloc.o)
                              /Users/mattheworris/arm-toolchain/arm-gnu-toolchain-15.2.rel1-darwin-arm64-arm-none-eabi/bin/../lib/gcc/arm-none-eabi/15.2.1/../../../../arm-none-eabi/lib/thumb/v7e-m+fp/hard/libstdc++_nano.a(new_op.o) (malloc)
/Users/mattheworris/arm-toolchain/arm-gnu-toolchain-15.2.rel1-darwin-arm64-arm-none-eabi/bin/../lib/gcc/arm-none-eabi/15.2.1/../../../../arm-none-eabi/lib/thumb/v7e-m+fp/hard/libc_nano.a(libc_a-mallocr.o)
                              /Users/mattheworris/arm-toolchain/arm-gnu-toolchain-15.2.rel1-darwin-arm64-arm-none-eabi/bin/../lib/gcc/arm-none-eabi/15.2.1/../../../../arm-none-eabi/lib/thumb/v7e-m+fp/hard/libc_nano.a(libc_a-malloc.o) (_malloc_r)
/Users/mattheworris/arm-toolchain/arm-gnu-toolchain-15.2.rel1-darwin-arm64-arm-none-eabi/bin/../lib/gcc/arm-none-eabi/15.2.1/../../../../arm-none-eabi/lib/thumb/v7e-m+fp/hard/libc_nano.a(libc_a-mlock.o)
                              /Users/mattheworris/arm-toolchain/arm-gnu-toolchain-15.2.rel1-darwin-arm64-arm-none-eabi/bin/../lib/gcc/arm-none-eabi/15.2.1/../../../../arm-none-eabi/lib/thumb/v7e-m+fp/hard/libc_nano.a(libc_a-mallocr.o) (__malloc_lock)
/Users/mattheworris/arm-toolchain/arm-gnu-toolchain-15.2.rel1-darwin-arm64-arm-none-eabi/bin/../lib/gcc/arm-none-eabi/15.2.1/../../../../arm-none-eabi/lib/thumb/v7e-m+fp/hard/libc_nano.a(libc_a-findfp.o)
[...]
Memory Configuration

Name             Origin             Length             Attributes
FLASH            0x08000000         0x00100000         xr
RAM              0x20000000         0x00020000         xrw
CCMRAM           0x10000000         0x00010000         rw
*default*        0x00000000         0xffffffff

Linker script and memory map

LOAD /Users/mattheworris/arm-toolchain/arm-gnu-toolchain-15.2.rel1-darwin-arm64-arm-none-eabi/bin/../lib/gcc/arm-none-eabi/15.2.1/thumb/v7e-m+fp/hard/crti.o
LOAD /Users/mattheworris/arm-toolchain/arm-gnu-toolchain-15.2.rel1-darwin-arm64-arm-none-eabi/bin/../lib/gcc/arm-none-eabi/15.2.1/thumb/v7e-m+fp/hard/crtbegin.o
LOAD /Users/mattheworris/arm-toolchain/arm-gnu-toolchain-15.2.rel1-darwin-arm64-arm-none-eabi/bin/../lib/gcc/arm-none-eabi/15.2.1/../../../../arm-none-eabi/lib/thumb/v7e-m+fp/hard/crt0.o
START GROUP
LOAD /Users/mattheworris/arm-toolchain/arm-gnu-toolchain-15.2.rel1-darwin-arm64-arm-none-eabi/bin/../lib/gcc/arm-none-eabi/15.2.1/../../../../arm-none-eabi/lib/thumb/v7e-m+fp/hard/libstdc++_nano.a
END GROUP
LOAD CMakeFiles/level_indicator.elf.dir/App/Src/accelerometer.cpp.obj
LOAD CMakeFiles/level_indicator.elf.dir/App/Src/debug.cpp.obj
LOAD CMakeFiles/level_indicator.elf.dir/App/Src/led_controller.cpp.obj
LOAD CMakeFiles/level_indicator.elf.dir/App/Src/level_algorithm.cpp.obj
LOAD CMakeFiles/level_indicator.elf.dir/App/Src/main.cpp.obj
LOAD CMakeFiles/level_indicator.elf.dir/Core/Src/stm32f4xx_hal_msp.c.obj
LOAD CMakeFiles/level_indicator.elf.dir/Core/Src/stm32f4xx_it.c.obj
LOAD CMakeFiles/level_indicator.elf.dir/Core/Src/system_stm32f4xx.c.obj
LOAD CMakeFiles/level_indicator.elf.dir/Drivers/STM32F4xx_HAL_Driver/Src/stm32f4xx_hal.c.obj
LOAD CMakeFiles/level_indicator.elf.dir/Drivers/STM32F4xx_HAL_Driver/Src/stm32f4xx_hal_adc.c.obj
LOAD CMakeFiles/level_indicator.elf.dir/Drivers/STM32F4xx_HAL_Driver/Src/stm32f4xx_hal_adc_ex.c.obj
LOAD CMakeFiles/level_indicator.elf.dir/Drivers/STM32F4xx_HAL_Driver/Src/stm32f4xx_hal_can.c.obj
LOAD CMakeFiles/level_indicator.elf.dir/Drivers/STM32F4xx_HAL_Driver/Src/stm32f4xx_hal_cec.c.obj
LOAD CMakeFiles/level_indicator.elf.dir/Drivers/STM32F4xx_HAL_Driver/Src/stm32f4xx_hal_cortex.c.obj
LOAD CMakeFiles/level_indicator.elf.dir/Drivers/STM32F4xx_HAL_Driver/Src/stm32f4xx_hal_crc.c.obj
LOAD CMakeFiles/level_indicator.elf.dir/Drivers/STM32F4xx_HAL_Driver/Src/stm32f4xx_hal_cryp.c.obj
LOAD CMakeFiles/level_indicator.elf.dir/Drivers/STM32F4xx_HAL_Driver/Src/stm32f4xx_hal_cryp_ex.c.obj
LOAD CMakeFiles/level_indicator.elf.dir/Drivers/STM32F4xx_HAL_Driver/Src/stm32f4xx_hal_dac.c.obj
LOAD CMakeFiles/level_indicator.elf.dir/Drivers/STM32F4xx_HAL_Driver/Src/stm32f4xx_hal_dac_ex.c.obj
LOAD CMakeFiles/level_indicator.elf.dir/Drivers/STM32F4xx_HAL_Driver/Src/stm32f4xx_hal_dcmi.c.obj
LOAD CMakeFiles/level_indicator.elf.dir/Drivers/STM32F4xx_HAL_Driver/Src/stm32f4xx_hal_dcmi_ex.c.obj
LOAD CMakeFiles/level_indicator.elf.dir/Drivers/STM32F4xx_HAL_Driver/Src/stm32f4xx_hal_dfsdm.c.obj
LOAD CMakeFiles/level_indicator.elf.dir/Drivers/STM32F4xx_HAL_Driver/Src/stm32f4xx_hal_dma.c.obj
LOAD CMakeFiles/level_indicator.elf.dir/Drivers/STM32F4xx_HAL_Driver/Src/stm32f4xx_hal_dma2d.c.obj
LOAD CMakeFiles/level_indicator.elf.dir/Drivers/STM32F4xx_HAL_Driver/Src/stm32f4xx_hal_dma_ex.c.obj
LOAD CMakeFiles/level_indicator.elf.dir/Drivers/STM32F4xx_HAL_Driver/Src/stm32f4xx_hal_dsi.c.obj
LOAD CMakeFiles/level_indicator.elf.dir/Drivers/STM32F4xx_HAL_Driver/Src/stm32f4xx_hal_eth.c.obj
LOAD CMakeFiles/level_indicator.elf.dir/Drivers/STM32F4xx_HAL_Driver/Src/stm32f4xx_hal_exti.c.obj
LOAD CMakeFiles/level_indicator.elf.dir/Drivers/STM32F4xx_HAL_Driver/Src/stm32f4xx_hal_flash.c.obj
LOAD CMakeFiles/level_indicator.elf.dir/Drivers/STM32F4xx_HAL_Driver/Src/stm32f4xx_hal_flash_ex.c.obj
LOAD CMakeFiles/level_indicator.elf.dir/Drivers/STM32F4xx_HAL_Driver/Src/stm32f4xx_hal_flash_ramfunc.c.obj
LOAD CMakeFiles/level_indicator.elf.dir/Drivers/STM32F4xx_HAL_Driver/Src/stm32f4xx_hal_fmpi2c.c.obj
LOAD CMakeFiles/level_indicator.elf.dir/Drivers/STM32F4xx_HAL_Driver/Src/stm32f4xx_hal_fmpi2c_ex.c.obj
LOAD CMakeFiles/level_indicator.elf.dir/Drivers/STM32F4xx_HAL_Driver/Src/stm32f4xx_hal_fmpsmbus.c.obj
LOAD CMakeFiles/level_indicator.elf.dir/Drivers/STM32F4xx_HAL_Driver/Src/stm32f4xx_hal_fmpsmbus_ex.c.obj
LOAD CMakeFiles/level_indicator.elf.dir/Drivers/STM32F4xx_HAL_Driver/Src/stm32f4xx_hal_gpio.c.obj
LOAD CMakeFiles/level_indicator.elf.dir/Drivers/STM32F4xx_HAL_Driver/Src/stm32f4xx_hal_hash.c.obj
LOAD CMakeFiles/level_indicator.elf.dir/Drivers/STM32F4xx_HAL_Driver/Src/stm32f4xx_hal_hash_ex.c.obj
LOAD CMakeFiles/level_indicator.elf.dir/Drivers/STM32F4xx_HAL_Driver/Src/stm32f4xx_hal_hcd.c.obj
LOAD CMakeFiles/level_indicator.elf.dir/Drivers/STM32F4xx_HAL_Driver/Src/stm32f4xx_hal_i2c.c.obj
LOAD CMakeFiles/level_indicator.elf.dir/Drivers/STM32F4xx_HAL_Driver/Src/stm32f4xx_hal_i2c_ex.c.obj
LOAD CMakeFiles/level_indicator.elf.dir/Drivers/STM32F4xx_HAL_Driver/Src/stm32f4xx_hal_i2s.c.obj
LOAD CMakeFiles/level_indicator.elf.dir/Drivers/STM32F4xx_HAL_Driver/Src/stm32f4xx_hal_i2s_ex.c.obj
LOAD CMakeFiles/level_indicator.elf.dir/Drivers/STM32F4xx_HAL_Driver/Src/stm32f4xx_hal_irda.c.obj
LOAD CMakeFiles/level_indicator.elf.dir/Drivers/STM32F4xx_HAL_Driver/Src/stm32f4xx_hal_iwdg.c.obj
LOAD CMakeFiles/level_indicator.elf.dir/Drivers/STM32F4xx_HAL_Driver/Src/stm32f4xx_hal_lptim.c.obj
LOAD CMakeFiles/level_indicator.elf.dir/Drivers/STM32F4xx_HAL_Driver/Src/stm32f4xx_hal_ltdc.c.obj
LOAD CMakeFiles/level_indicator.elf.dir/Drivers/STM32F4xx_HAL_Driver/Src/stm32f4xx_hal_ltdc_ex.c.obj
LOAD CMakeFiles/level_indicator.elf.dir/Drivers/STM32F4xx_HAL_Driver/Src/stm32f4xx_hal_mmc.c.obj
LOAD CMakeFiles/level_indicator.elf.dir/Drivers/STM32F4xx_HAL_Driver/Src/stm32f4xx_hal_nand.c.obj
LOAD CMakeFiles/level_indicator.elf.dir/Drivers/STM32F4xx_HAL_Driver/Src/stm32f4xx_hal_nor.c.obj
LOAD CMakeFiles/level_indicator.elf.dir/Drivers/STM32F4xx_HAL_Driver/Src/stm32f4xx_hal_pccard.c.obj
LOAD CMakeFiles/level_indicator.elf.dir/Drivers/STM32F4xx_HAL_Driver/Src/stm32f4xx_hal_pcd.c.obj
LOAD CMakeFiles/level_indicator.elf.dir/Drivers/STM32F4xx_HAL_Driver/Src/stm32f4xx_hal_pcd_ex.c.obj
LOAD CMakeFiles/level_indicator.elf.dir/Drivers/STM32F4xx_HAL_Driver/Src/stm32f4xx_hal_pwr.c.obj
LOAD CMakeFiles/level_indicator.elf.dir/Drivers/STM32F4xx_HAL_Driver/Src/stm32f4xx_hal_pwr_ex.c.obj
LOAD CMakeFiles/level_indicator.elf.dir/Drivers/STM32F4xx_HAL_Driver/Src/stm32f4xx_hal_qspi.c.obj
LOAD CMakeFiles/level_indicator.elf.dir/Drivers/STM32F4xx_HAL_Driver/Src/stm32f4xx_hal_rcc.c.obj
LOAD CMakeFiles/level_indicator.elf.dir/Drivers/STM32F4xx_HAL_Driver/Src/stm32f4xx_hal_rcc_ex.c.obj
LOAD CMakeFiles/level_indicator.elf.dir/Drivers/STM32F4xx_HAL_Driver/Src/stm32f4xx_hal_rng.c.obj
LOAD CMakeFiles/level_indicator.elf.dir/Drivers/STM32F4xx_HAL_Driver/Src/stm32f4xx_hal_rtc.c.obj
LOAD CMakeFiles/level_indicator.elf.dir/Drivers/STM32F4xx_HAL_Driver/Src/stm32f4xx_hal_rtc_ex.c.obj
LOAD CMakeFiles/level_indicator.elf.dir/Drivers/STM32F4xx_HAL_Driver/Src/stm32f4xx_hal_sai.c.obj
LOAD CMakeFiles/level_indicator.elf.dir/Drivers/STM32F4xx_HAL_Driver/Src/stm32f4xx_hal_sai_ex.c.obj
LOAD CMakeFiles/level_indicator.elf.dir/Drivers/STM32F4xx_HAL_Driver/Src/stm32f4xx_hal_sd.c.obj
LOAD CMakeFiles/level_indicator.elf.dir/Drivers/STM32F4xx_HAL_Driver/Src/stm32f4xx_hal_sdram.c.obj
LOAD CMakeFiles/level_indicator.elf.dir/Drivers/STM32F4xx_HAL_Driver/Src/stm32f4xx_hal_smartcard.c.obj
LOAD CMakeFiles/level_indicator.elf.dir/Drivers/STM32F4xx_HAL_Driver/Src/stm32f4xx_hal_smbus.c.obj
LOAD CMakeFiles/level_indicator.elf.dir/Drivers/STM32F4xx_HAL_Driver/Src/stm32f4xx_hal_spdifrx.c.obj
LOAD CMakeFiles/level_indicator.elf.dir/Drivers/STM32F4xx_HAL_Driver/Src/stm32f4xx_hal_spi.c.obj
LOAD CMakeFiles/level_indicator.elf.dir/Drivers/STM32F4xx_HAL_Driver/Src/stm32f4xx_hal_sram.c.obj
LOAD CMakeFiles/level_indicator.elf.dir/Drivers/STM32F4xx_HAL_Driver/Src/stm32f4xx_hal_tim.c.obj
LOAD CMakeFiles/level_indicator.elf.dir/Drivers/STM32F4xx_HAL_Driver/Src/stm32f4xx_hal_tim_ex.c.obj
LOAD CMakeFiles/level_indicator.elf.dir/Drivers/STM32F4xx_HAL_Driver/Src/stm32f4xx_hal_uart.c.obj
LOAD CMakeFiles/level_indicator.elf.dir/Drivers/STM32F4xx_HAL_Driver/Src/stm32f4xx_hal_usart.c.obj
LOAD CMakeFiles/level_indicator.elf.dir/Drivers/STM32F4xx_HAL_Driver/Src/stm32f4xx_hal_wwdg.c.obj
LOAD CMakeFiles/level_indicator.elf.dir/Drivers/STM32F4xx_HAL_Driver/Src/stm32f4xx_ll_adc.c.obj
LOAD CMakeFiles/level_indicator.elf.dir/Drivers/STM32F4xx_HAL_Driver/Src/stm32f4xx_ll_crc.c.obj
LOAD CMakeFiles/level_indicator.elf.dir/Drivers/STM32F4xx_HAL_Driver/Src/stm32f4xx_ll_dac.c.obj
LOAD CMakeFiles/level_indicator.elf.dir/Drivers/STM32F4xx_HAL_Driver/Src/stm32f4xx_ll_dma.c.obj
LOAD CMakeFiles/level_indicator.elf.dir/Drivers/STM32F4xx_HAL_Driver/Src/stm32f4xx_ll_dma2d.c.obj
LOAD CMakeFiles/level_indicator.elf.dir/Drivers/STM32F4xx_HAL_Driver/Src/stm32f4xx_ll_exti.c.obj
LOAD CMakeFiles/level_indicator.elf.dir/Drivers/STM32F4xx_HAL_Driver/Src/stm32f4xx_ll_fmc.c.obj
LOAD CMakeFiles/level_indicator.elf.dir/Drivers/STM32F4xx_HAL_Driver/Src/stm32f4xx_ll_fmpi2c.c.obj
LOAD CMakeFiles/level_indicator.elf.dir/Drivers/STM32F4xx_HAL_Driver/Src/stm32f4xx_ll_fsmc.c.obj
LOAD CMakeFiles/level_indicator.elf.dir/Drivers/STM32F4xx_HAL_Driver/Src/stm32f4xx_ll_gpio.c.obj
LOAD CMakeFiles/level_indicator.elf.dir/Drivers/STM32F4xx_HAL_Driver/Src/stm32f4xx_ll_i2c.c.obj
LOAD CMakeFiles/level_indicator.elf.dir/Drivers/STM32F4xx_HAL_Driver/Src/stm32f4xx_ll_lptim.c.obj
LOAD CMakeFiles/level_indicator.elf.dir/Drivers/STM32F4xx_HAL_Driver/Src/stm32f4xx_ll_pwr.c.obj
LOAD CMakeFiles/level_indicator.elf.dir/Drivers/STM32F4xx_HAL_Driver/Src/stm32f4xx_ll_rcc.c.obj
LOAD CMakeFiles/level_indicator.elf.dir/Drivers/STM32F4xx_HAL_Driver/Src/stm32f4xx_ll_rng.c.obj
LOAD CMakeFiles/level_indicator.elf.dir/Drivers/STM32F4xx_HAL_Driver/Src/stm32f4xx_ll_rtc.c.obj
LOAD CMakeFiles/level_indicator.elf.dir/Drivers/STM32F4xx_HAL_Driver/Src/stm32f4xx_ll_sdmmc.c.obj
LOAD CMakeFiles/level_indicator.elf.dir/Drivers/STM32F4xx_HAL_Driver/Src/stm32f4xx_ll_spi.c.obj
LOAD CMakeFiles/level_indicator.elf.dir/Drivers/STM32F4xx_HAL_Driver/Src/stm32f4xx_ll_tim.c.obj
LOAD CMakeFiles/level_indicator.elf.dir/Drivers/STM32F4xx_HAL_Driver/Src/stm32f4xx_ll_usart.c.obj
LOAD CMakeFiles/level_indicator.elf.dir/Drivers/STM32F4xx_HAL_Driver/Src/stm32f4xx_ll_usb.c.obj
LOAD CMakeFiles/level_indicator.elf.dir/Drivers/STM32F4xx_HAL_Driver/Src/stm32f4xx_ll_utils.c.obj
LOAD CMakeFiles/level_indicator.elf.dir/RTT/SEGGER_RTT.c.obj
LOAD CMakeFiles/level_indicator.elf.dir/RTT/SEGGER_RTT_printf.c.obj
LOAD CMakeFiles/level_indicator.elf.dir/Core/Src/startup_stm32f407xx.s.obj
LOAD /Users/mattheworris/arm-toolchain/arm-gnu-toolchain-15.2.rel1-darwin-arm64-arm-none-eabi/bin/../lib/gcc/arm-none-eabi/15.2.1/../../../../arm-none-eabi/lib/thumb/v7e-m+fp/hard/libstdc++_nano.a
LOAD /Users/mattheworris/arm-toolchain/arm-gnu-toolchain-15.2.rel1-darwin-arm64-arm-none-eabi/bin/../lib/gcc/arm-none-eabi/15.2.1/../../../../arm-none-eabi/lib/thumb/v7e-m+fp/hard/libm.a
LOAD /Users/mattheworris/arm-toolchain/arm-gnu-toolchain-15.2.rel1-darwin-arm64-arm-none-eabi/bin/../lib/gcc/arm-none-eabi/15.2.1/../../../../arm-none-eabi/lib/thumb/v7e-m+fp/hard/libc_nano.a
START GROUP
LOAD /Users/mattheworris/arm-toolchain/arm-gnu-toolchain-15.2.rel1-darwin-arm64-arm-none-eabi/bin/../lib/gcc/arm-none-eabi/15.2.1/thumb/v7e-m+fp/hard/libgcc.a
LOAD /Users/mattheworris/arm-toolchain/arm-gnu-toolchain-15.2.rel1-darwin-arm64-arm-none-eabi/bin/../lib/gcc/arm-none-eabi/15.2.1/../../../../arm-none-eabi/lib/thumb/v7e-m+fp/hard/libc_nano.a
END GROUP
START GROUP
LOAD /Users/mattheworris/arm-toolchain/arm-gnu-toolchain-15.2.rel1-darwin-arm64-arm-none-eabi/bin/../lib/gcc/arm-none-eabi/15.2.1/thumb/v7e-m+fp/hard/libgcc.a
LOAD /Users/mattheworris/arm-toolchain/arm-gnu-toolchain-15.2.rel1-darwin-arm64-arm-none-eabi/bin/../lib/gcc/arm-none-eabi/15.2.1/../../../../arm-none-eabi/lib/thumb/v7e-m+fp/hard/libc_nano.a
LOAD /Users/mattheworris/arm-toolchain/arm-gnu-toolchain-15.2.rel1-darwin-arm64-arm-none-eabi/bin/../lib/gcc/arm-none-eabi/15.2.1/../../../../arm-none-eabi/lib/thumb/v7e-m+fp/hard/libnosys.a
END GROUP
START GROUP
LOAD /Users/mattheworris/arm-toolchain/arm-gnu-toolchain-15.2.rel1-darwin-arm64-arm-none-eabi/bin/../lib/gcc/arm-none-eabi/15.2.1/thumb/v7e-m+fp/hard/libgcc.a
LOAD /Users/mattheworris/arm-toolchain/arm-gnu-toolchain-15.2.rel1-darwin-arm64-arm-none-eabi/bin/../lib/gcc/arm-none-eabi/15.2.1/../../../../arm-none-eabi/lib/thumb/v7e-m+fp/hard/libc_nano.a
LOAD /Users/mattheworris/arm-toolchain/arm-gnu-toolchain-15.2.rel1-darwin-arm64-arm-none-eabi/bin/../lib/gcc/arm-none-eabi/15.2.1/../../../../arm-none-eabi/lib/thumb/v7e-m+fp/hard/libnosys.a
END GROUP
LOAD /Users/mattheworris/arm-toolchain/arm-gnu-toolchain-15.2.rel1-darwin-arm64-arm-none-eabi/bin/../lib/gcc/arm-none-eabi/15.2.1/thumb/v7e-m+fp/hard/crtend.o
LOAD /Users/mattheworris/arm-toolchain/arm-gnu-toolchain-15.2.rel1-darwin-arm64-arm-none-eabi/bin/../lib/gcc/arm-none-eabi/15.2.1/thumb/v7e-m+fp/hard/crtn.o
                0x20020000                        _estack = (ORIGIN (RAM) + LENGTH (RAM))
                0x00000200                        _Min_Heap_Size = 0x200
                0x00002000                        _Min_Stack_Size = 0x2000

.isr_vector     0x08000000      0x188
                0x08000000                        . = ALIGN (0x4)
 *(.isr_vector)
 .isr_vector    0x08000000      0x188 CMakeFiles/level_indicator.elf.dir/Core/Src/startup_stm32f407xx.s.obj
                0x08000000                g_pfnVectors
                0x08000188                        . = ALIGN (0x4)

.text           0x08000188     0x2ec0
                0x08000188                        . = ALIGN (0x4)
 *(.text)
 .text          0x08000188       0x30 /Users/mattheworris/arm-toolchain/arm-gnu-toolchain-15.2.rel1-darwin-arm64-arm-none-eabi/bin/../lib/gcc/arm-none-eabi/15.2.1/thumb/v7e-m+fp/hard/libgcc.a(_aeabi_uldivmod.o)
                0x08000188                __aeabi_uldivmod
 .text          0x080001b8        0x4 /Users/mattheworris/arm-toolchain/arm-gnu-toolchain-15.2.rel1-darwin-arm64-arm-none-eabi/bin/../lib/gcc/arm-none-eabi/15.2.1/thumb/v7e-m+fp/hard/libgcc.a(_dvmd_tls.o)
                0x080001b8                __aeabi_ldiv0
                0x080001b8                __aeabi_idiv0
 *(.text*)
 .text.deregister_tm_clones
                0x080001bc       0x1c /Users/mattheworris/arm-toolchain/arm-gnu-toolchain-15.2.rel1-darwin-arm64-arm-none-eabi/bin/../lib/gcc/arm-none-eabi/15.2.1/thumb/v7e-m+fp/hard/crtbegin.o
 .text.register_tm_clones
                0x080001d8       0x24 /Users/mattheworris/arm-toolchain/arm-gnu-toolchain-15.2.rel1-darwin-arm64-arm-none-eabi/bin/../lib/gcc/arm-none-eabi/15.2.1/thumb/v7e-m+fp/hard/crtbegin.o
 .text.__do_global_dtors_aux
                0x080001fc       0x28 /Users/mattheworris/arm-toolchain/arm-gnu-toolchain-15.2.rel1-darwin-arm64-arm-none-eabi/bin/../lib/gcc/arm-none-eabi/15.2.1/thumb/v7e-m+fp/hard/crtbegin.o
 .text.frame_dummy
                0x08000224       0x24 /Users/mattheworris/arm-toolchain/arm-gnu-toolchain-15.2.rel1-darwin-arm64-arm-none-eabi/bin/../lib/gcc/arm-none-eabi/15.2.1/thumb/v7e-m+fp/hard/crtbegin.o
 .text._ZN13AccelerometerC2EP19__SPI_HandleTypeDefP12GPIO_TypeDeft
                0x08000248        0x8 CMakeFiles/level_indicator.elf.dir/App/Src/accelerometer.cpp.obj
                0x08000248                Accelerometer::Accelerometer(__SPI_HandleTypeDef*, GPIO_TypeDef*, unsigned short)
                0x08000248                Accelerometer::Accelerometer(__SPI_HandleTypeDef*, GPIO_TypeDef*, unsigned short)
 .text._ZN13Accelerometer13chipSelectLowEv
                0x08000250        0xa CMakeFiles/level_indicator.elf.dir/App/Src/accelerometer.cpp.obj
                0x08000250                Accelerometer::chipSelectLow()
 .text._ZN13Accelerometer14chipSelectHighEv
                0x0800025a        0xa CMakeFiles/level_indicator.elf.dir/App/Src/accelerometer.cpp.obj
                0x0800025a                Accelerometer::chipSelectHigh()
 .text._ZN13Accelerometer12readRegisterEhPh
                0x08000264       0x88 CMakeFiles/level_indicator.elf.dir/App/Src/accelerometer.cpp.obj
                0x08000264                Accelerometer::readRegister(unsigned char, unsigned char*)
 .text._ZN13Accelerometer13writeRegisterEhh
                0x080002ec       0x2e CMakeFiles/level_indicator.elf.dir/App/Src/accelerometer.cpp.obj
                0x080002ec                Accelerometer::writeRegister(unsigned char, unsigned char)
 *fill*         0x0800031a        0x2 
 .text._ZN13Accelerometer4initEv
                0x0800031c      0x154 CMakeFiles/level_indicator.elf.dir/App/Src/accelerometer.cpp.obj
                0x0800031c                Accelerometer::init()
 .text._ZN13Accelerometer11readRawDataERsS0_S0_
                0x08000470       0xb0 CMakeFiles/level_indicator.elf.dir/App/Src/accelerometer.cpp.obj
                0x08000470                Accelerometer::readRawData(short&, short&, short&)
 .text._ZN13Accelerometer6readXYERfS0_
                0x08000520       0x4c CMakeFiles/level_indicator.elf.dir/App/Src/accelerometer.cpp.obj
                0x08000520                Accelerometer::readXY(float&, float&)
 .text._ZN13LedControllerC2EP17TIM_HandleTypeDef
                0x0800056c        0x8 CMakeFiles/level_indicator.elf.dir/App/Src/led_controller.cpp.obj
                0x0800056c                LedController::LedController(TIM_HandleTypeDef*)
                0x0800056c                LedController::LedController(TIM_HandleTypeDef*)
 .text._ZN13LedController13setBrightnessEhhhh
                0x08000574       0x30 CMakeFiles/level_indicator.elf.dir/App/Src/led_controller.cpp.obj
                0x08000574                LedController::setBrightness(unsigned char, unsigned char, unsigned char, unsigned char)
 .text._ZN13LedController6allOffEv
                0x080005a4       0x12 CMakeFiles/level_indicator.elf.dir/App/Src/led_controller.cpp.obj
                0x080005a4                LedController::allOff()
 .text._ZN13LedController4initEv
                0x080005b6       0x34 CMakeFiles/level_indicator.elf.dir/App/Src/led_controller.cpp.obj
                0x080005b6                LedController::init()
 .text._ZN14LevelAlgorithmC2Ev
                0x080005ea        0x8 CMakeFiles/level_indicator.elf.dir/App/Src/level_algorithm.cpp.obj
                0x080005ea                LevelAlgorithm::LevelAlgorithm()
                0x080005ea                LevelAlgorithm::LevelAlgorithm()
 *fill*         0x080005f2        0x2 
 .text._ZNK14LevelAlgorithm17angleToBrightnessEf
                0x080005f4       0x58 CMakeFiles/level_indicator.elf.dir/App/Src/level_algorithm.cpp.obj
                0x080005f4                LevelAlgorithm::angleToBrightness(float) const
 .text._ZN14LevelAlgorithm6updateEff
                0x0800064c       0xa8 CMakeFiles/level_indicator.elf.dir/App/Src/level_algorithm.cpp.obj
                0x0800064c                LevelAlgorithm::update(float, float)
 .text._Z18SystemClock_Configv
                0x080006f4       0xd0 CMakeFiles/level_indicator.elf.dir/App/Src/main.cpp.obj
                0x080006f4                SystemClock_Config()
 .text.startup.main
                0x080007c4      0x404 CMakeFiles/level_indicator.elf.dir/App/Src/main.cpp.obj
                0x080007c4                main
 .text.HAL_MspInit
                0x08000bc8       0x38 CMakeFiles/level_indicator.elf.dir/Core/Src/stm32f4xx_hal_msp.c.obj
                0x08000bc8                HAL_MspInit
 .text.HAL_SPI_MspInit
                0x08000c00       0xa0 CMakeFiles/level_indicator.elf.dir/Core/Src/stm32f4xx_hal_msp.c.obj
                0x08000c00                HAL_SPI_MspInit
 .text.HAL_TIM_PWM_MspInit
                0x08000ca0       0x68 CMakeFiles/level_indicator.elf.dir/Core/Src/stm32f4xx_hal_msp.c.obj
                0x08000ca0                HAL_TIM_PWM_MspInit
 .text.NMI_Handler
                0x08000d08        0x2 CMakeFiles/level_indicator.elf.dir/Core/Src/stm32f4xx_it.c.obj
                0x08000d08                NMI_Handler
 .text.HardFault_Handler
                0x08000d0a       0x28 CMakeFiles/level_indicator.elf.dir/Core/Src/stm32f4xx_it.c.obj
                0x08000d0a                HardFault_Handler
 .text.MemManage_Handler
                0x08000d32        0x2 CMakeFiles/level_indicator.elf.dir/Core/Src/stm32f4xx_it.c.obj
                0x08000d32                MemManage_Handler
 .text.BusFault_Handler
                0x08000d34        0x2 CMakeFiles/level_indicator.elf.dir/Core/Src/stm32f4xx_it.c.obj
                0x08000d34                BusFault_Handler
 .text.UsageFault_Handler
                0x08000d36        0x2 CMakeFiles/level_indicator.elf.dir/Core/Src/stm32f4xx_it.c.obj
                0x08000d36                UsageFault_Handler
 .text.SVC_Handler
                0x08000d38        0x2 CMakeFiles/level_indicator.elf.dir/Core/Src/stm32f4xx_it.c.obj
                0x08000d38                SVC_Handler
 .text.DebugMon_Handler
                0x08000d3a        0x2 CMakeFiles/level_indicator.elf.dir/Core/Src/stm32f4xx_it.c.obj
                0x08000d3a                DebugMon_Handler
 .text.PendSV_Handler
                0x08000d3c        0x2 CMakeFiles/level_indicator.elf.dir/Core/Src/stm32f4xx_it.c.obj
                0x08000d3c                PendSV_Handler
 .text.SysTick_Handler
                0x08000d3e        0x4 CMakeFiles/level_indicator.elf.dir/Core/Src/stm32f4xx_it.c.obj
                0x08000d3e                SysTick_Handler
 *fill*         0x08000d42        0x2 
 .text.SystemInit
                0x08000d44       0x14 CMakeFiles/level_indicator.elf.dir/Core/Src/system_stm32f4xx.c.obj
                0x08000d44                SystemInit
 .text.SystemCoreClockUpdate
                0x08000d58       0x6c CMakeFiles/level_indicator.elf.dir/Core/Src/system_stm32f4xx.c.obj
                0x08000d58                SystemCoreClockUpdate
 .text.HAL_InitTick
                0x08000dc4       0x48 CMakeFiles/level_indicator.elf.dir/Drivers/STM32F4xx_HAL_Driver/Src/stm32f4xx_hal.c.obj
                0x08000dc4                HAL_InitTick
 .text.HAL_Init
                0x08000e0c       0x34 CMakeFiles/level_indicator.elf.dir/Drivers/STM32F4xx_HAL_Driver/Src/stm32f4xx_hal.c.obj
                0x08000e0c                HAL_Init
 .text.HAL_IncTick
                0x08000e40       0x18 CMakeFiles/level_indicator.elf.dir/Drivers/STM32F4xx_HAL_Driver/Src/stm32f4xx_hal.c.obj
                0x08000e40                HAL_IncTick
 .text.HAL_GetTick
                0x08000e58        0xc CMakeFiles/level_indicator.elf.dir/Drivers/STM32F4xx_HAL_Driver/Src/stm32f4xx_hal.c.obj
                0x08000e58                HAL_GetTick
 .text.HAL_Delay
                0x08000e64       0x28 CMakeFiles/level_indicator.elf.dir/Drivers/STM32F4xx_HAL_Driver/Src/stm32f4xx_hal.c.obj
                0x08000e64                HAL_Delay
 .text.HAL_NVIC_SetPriorityGrouping
                0x08000e8c       0x24 CMakeFiles/level_indicator.elf.dir/Drivers/STM32F4xx_HAL_Driver/Src/stm32f4xx_hal_cortex.c.obj
                0x08000e8c                HAL_NVIC_SetPriorityGrouping
 .text.HAL_NVIC_SetPriority
                0x08000eb0       0x5c CMakeFiles/level_indicator.elf.dir/Drivers/STM32F4xx_HAL_Driver/Src/stm32f4xx_hal_cortex.c.obj
                0x08000eb0                HAL_NVIC_SetPriority
 .text.HAL_SYSTICK_Config
                0x08000f0c       0x28 CMakeFiles/level_indicator.elf.dir/Drivers/STM32F4xx_HAL_Driver/Src/stm32f4xx_hal_cortex.c.obj
                0x08000f0c                HAL_SYSTICK_Config
 .text.HAL_SYSTICK_CLKSourceConfig
                0x08000f34       0x16 CMakeFiles/level_indicator.elf.dir/Drivers/STM32F4xx_HAL_Driver/Src/stm32f4xx_hal_cortex.c.obj
                0x08000f34                HAL_SYSTICK_CLKSourceConfig
 *fill*         0x08000f4a        0x2 
 .text.HAL_GPIO_Init
                0x08000f4c      0x1a8 CMakeFiles/level_indicator.elf.dir/Drivers/STM32F4xx_HAL_Driver/Src/stm32f4xx_hal_gpio.c.obj
                0x08000f4c                HAL_GPIO_Init
 .text.HAL_GPIO_WritePin
                0x080010f4        0xa CMakeFiles/level_indicator.elf.dir/Drivers/STM32F4xx_HAL_Driver/Src/stm32f4xx_hal_gpio.c.obj
                0x080010f4                HAL_GPIO_WritePin
 *fill*         0x080010fe        0x2 
 .text.HAL_RCC_OscConfig
                0x08001100      0x364 CMakeFiles/level_indicator.elf.dir/Drivers/STM32F4xx_HAL_Driver/Src/stm32f4xx_hal_rcc.c.obj
                0x08001100                HAL_RCC_OscConfig
 .text.HAL_RCC_GetSysClockFreq
                0x08001464       0x5c CMakeFiles/level_indicator.elf.dir/Drivers/STM32F4xx_HAL_Driver/Src/stm32f4xx_hal_rcc.c.obj
                0x08001464                HAL_RCC_GetSysClockFreq
 .text.HAL_RCC_ClockConfig
                0x080014c0      0x134 CMakeFiles/level_indicator.elf.dir/Drivers/STM32F4xx_HAL_Driver/Src/stm32f4xx_hal_rcc.c.obj
                0x080014c0                HAL_RCC_ClockConfig
 .text.SPI_WaitFlagStateUntilTimeout
                0x080015f4       0xb4 CMakeFiles/level_indicator.elf.dir/Drivers/STM32F4xx_HAL_Driver/Src/stm32f4xx_hal_spi.c.obj
 .text.SPI_EndRxTxTransaction
                0x080016a8       0x78 CMakeFiles/level_indicator.elf.dir/Drivers/STM32F4xx_HAL_Driver/Src/stm32f4xx_hal_spi.c.obj
 .text.SPI_EndRxTransaction
                0x08001720       0x58 CMakeFiles/level_indicator.elf.dir/Drivers/STM32F4xx_HAL_Driver/Src/stm32f4xx_hal_spi.c.obj
 .text.HAL_SPI_Init
                0x08001778       0xb8 CMakeFiles/level_indicator.elf.dir/Drivers/STM32F4xx_HAL_Driver/Src/stm32f4xx_hal_spi.c.obj
                0x08001778                HAL_SPI_Init
 .text.HAL_SPI_Transmit
                0x08001830      0x154 CMakeFiles/level_indicator.elf.dir/Drivers/STM32F4xx_HAL_Driver/Src/stm32f4xx_hal_spi.c.obj
                0x08001830                HAL_SPI_Transmit
 .text.HAL_SPI_TransmitReceive
                0x08001984      0x1e8 CMakeFiles/level_indicator.elf.dir/Drivers/STM32F4xx_HAL_Driver/Src/stm32f4xx_hal_spi.c.obj
                0x08001984                HAL_SPI_TransmitReceive
 .text.HAL_SPI_Receive
                0x08001b6c      0x13c CMakeFiles/level_indicator.elf.dir/Drivers/STM32F4xx_HAL_Driver/Src/stm32f4xx_hal_spi.c.obj
                0x08001b6c                HAL_SPI_Receive
 .text.TIM_OC1_SetConfig
                0x08001ca8       0x68 CMakeFiles/level_indicator.elf.dir/Drivers/STM32F4xx_HAL_Driver/Src/stm32f4xx_hal_tim.c.obj
 .text.TIM_OC3_SetConfig
                0x08001d10       0x70 CMakeFiles/level_indicator.elf.dir/Drivers/STM32F4xx_HAL_Driver/Src/stm32f4xx_hal_tim.c.obj
 .text.TIM_OC4_SetConfig
                0x08001d80       0x4c CMakeFiles/level_indicator.elf.dir/Drivers/STM32F4xx_HAL_Driver/Src/stm32f4xx_hal_tim.c.obj
 .text.TIM_Base_SetConfig
                0x08001dcc       0xd4 CMakeFiles/level_indicator.elf.dir/Drivers/STM32F4xx_HAL_Driver/Src/stm32f4xx_hal_tim.c.obj
                0x08001dcc                TIM_Base_SetConfig
 .text.HAL_TIM_PWM_Init
                0x08001ea0       0x58 CMakeFiles/level_indicator.elf.dir/Drivers/STM32F4xx_HAL_Driver/Src/stm32f4xx_hal_tim.c.obj
                0x08001ea0                HAL_TIM_PWM_Init
 .text.TIM_OC2_SetConfig
                0x08001ef8       0x70 CMakeFiles/level_indicator.elf.dir/Drivers/STM32F4xx_HAL_Driver/Src/stm32f4xx_hal_tim.c.obj
                0x08001ef8                TIM_OC2_SetConfig
 .text.HAL_TIM_PWM_ConfigChannel
                0x08001f68       0xac CMakeFiles/level_indicator.elf.dir/Drivers/STM32F4xx_HAL_Driver/Src/stm32f4xx_hal_tim.c.obj
                0x08001f68                HAL_TIM_PWM_ConfigChannel
 .text.TIM_CCxChannelCmd
                0x08002014       0x1c CMakeFiles/level_indicator.elf.dir/Drivers/STM32F4xx_HAL_Driver/Src/stm32f4xx_hal_tim.c.obj
                0x08002014                TIM_CCxChannelCmd
 .text.HAL_TIM_OC_Start
                0x08002030       0xc8 CMakeFiles/level_indicator.elf.dir/Drivers/STM32F4xx_HAL_Driver/Src/stm32f4xx_hal_tim.c.obj
                0x08002030                HAL_TIM_OC_Start
 .text.HAL_TIM_PWM_Start
                0x080020f8        0x4 CMakeFiles/level_indicator.elf.dir/Drivers/STM32F4xx_HAL_Driver/Src/stm32f4xx_hal_tim.c.obj
                0x080020f8                HAL_TIM_PWM_Start
 .text._GetAvailWriteSpace
                0x080020fc       0x12 CMakeFiles/level_indicator.elf.dir/RTT/SEGGER_RTT.c.obj
 .text._WriteNoCheck
                0x0800210e       0x38 CMakeFiles/level_indicator.elf.dir/RTT/SEGGER_RTT.c.obj
 .text._WriteBlocking
                0x08002146       0x5a CMakeFiles/level_indicator.elf.dir/RTT/SEGGER_RTT.c.obj
 .text._DoInit  0x080021a0       0x68 CMakeFiles/level_indicator.elf.dir/RTT/SEGGER_RTT.c.obj
 .text.SEGGER_RTT_WriteNoLock
                0x08002208       0x58 CMakeFiles/level_indicator.elf.dir/RTT/SEGGER_RTT.c.obj
                0x08002208                SEGGER_RTT_WriteNoLock
 .text.SEGGER_RTT_Write
                0x08002260       0x28 CMakeFiles/level_indicator.elf.dir/RTT/SEGGER_RTT.c.obj
                0x08002260                SEGGER_RTT_Write
 .text.SEGGER_RTT_Init
                0x08002288        0x4 CMakeFiles/level_indicator.elf.dir/RTT/SEGGER_RTT.c.obj
                0x08002288                SEGGER_RTT_Init
 .text._StoreChar
                0x0800228c       0x3c CMakeFiles/level_indicator.elf.dir/RTT/SEGGER_RTT_printf.c.obj
 .text._PrintUnsigned
                0x080022c8       0xd0 CMakeFiles/level_indicator.elf.dir/RTT/SEGGER_RTT_printf.c.obj
 .text.SEGGER_RTT_vprintf
                0x08002398      0x2f4 CMakeFiles/level_indicator.elf.dir/RTT/SEGGER_RTT_printf.c.obj
                0x08002398                SEGGER_RTT_vprintf
 .text.SEGGER_RTT_printf
                0x0800268c       0x1c CMakeFiles/level_indicator.elf.dir/RTT/SEGGER_RTT_printf.c.obj
                0x0800268c                SEGGER_RTT_printf
 .text.Reset_Handler
                0x080026a8       0x50 CMakeFiles/level_indicator.elf.dir/Core/Src/startup_stm32f407xx.s.obj
                0x080026a8                Reset_Handler
 .text.Default_Handler
                0x080026f8        0x2 CMakeFiles/level_indicator.elf.dir/Core/Src/startup_stm32f407xx.s.obj
                0x080026f8                DMA1_Stream3_IRQHandler
                0x080026f8                HASH_RNG_IRQHandler
                0x080026f8                EXTI2_IRQHandler
                0x080026f8                TIM8_CC_IRQHandler
                0x080026f8                TIM1_CC_IRQHandler
                0x080026f8                DMA2_Stream5_IRQHandler
                0x080026f8                DMA1_Stream5_IRQHandler
                0x080026f8                PVD_IRQHandler
                0x080026f8                SDIO_IRQHandler
                0x080026f8                TAMP_STAMP_IRQHandler
                0x080026f8                CAN2_RX1_IRQHandler
                0x080026f8                EXTI3_IRQHandler
                0x080026f8                TIM8_TRG_COM_TIM14_IRQHandler
                0x080026f8                TIM1_UP_TIM10_IRQHandler
                0x080026f8                TIM8_UP_TIM13_IRQHandler
                0x080026f8                I2C3_ER_IRQHandler
                0x080026f8                EXTI0_IRQHandler
                0x080026f8                I2C2_EV_IRQHandler
                0x080026f8                DMA1_Stream2_IRQHandler
                0x080026f8                CAN1_RX0_IRQHandler
                0x080026f8                FPU_IRQHandler
                0x080026f8                OTG_HS_WKUP_IRQHandler
                0x080026f8                CAN2_SCE_IRQHandler
                0x080026f8                DMA2_Stream2_IRQHandler
                0x080026f8                SPI1_IRQHandler
                0x080026f8                TIM6_DAC_IRQHandler
                0x080026f8                TIM1_BRK_TIM9_IRQHandler
                0x080026f8                DCMI_IRQHandler
                0x080026f8                CAN2_RX0_IRQHandler
                0x080026f8                DMA2_Stream3_IRQHandler
                0x080026f8                USART6_IRQHandler
                0x080026f8                USART3_IRQHandler
                0x080026f8                CAN1_RX1_IRQHandler
                0x080026f8                UART5_IRQHandler
                0x080026f8                DMA2_Stream0_IRQHandler
                0x080026f8                TIM4_IRQHandler
                0x080026f8                I2C1_EV_IRQHandler
                0x080026f8                DMA1_Stream6_IRQHandler
                0x080026f8                DMA1_Stream1_IRQHandler
                0x080026f8                UART4_IRQHandler
                0x080026f8                TIM3_IRQHandler
                0x080026f8                RCC_IRQHandler
                0x080026f8                TIM8_BRK_TIM12_IRQHandler
                0x080026f8                Default_Handler
                0x080026f8                EXTI15_10_IRQHandler
                0x080026f8                ADC_IRQHandler
                0x080026f8                DMA1_Stream7_IRQHandler
                0x080026f8                TIM7_IRQHandler
                0x080026f8                CAN2_TX_IRQHandler
                0x080026f8                TIM5_IRQHandler
                0x080026f8                DMA2_Stream7_IRQHandler
                0x080026f8                I2C3_EV_IRQHandler
                0x080026f8                EXTI9_5_IRQHandler
                0x080026f8                RTC_WKUP_IRQHandler
                0x080026f8                ETH_WKUP_IRQHandler
                0x080026f8                SPI2_IRQHandler
                0x080026f8                OTG_HS_EP1_IN_IRQHandler
                0x080026f8                DMA1_Stream0_IRQHandler
                0x080026f8                CAN1_TX_IRQHandler
                0x080026f8                EXTI4_IRQHandler
                0x080026f8                FSMC_IRQHandler
                0x080026f8                ETH_IRQHandler
                0x080026f8                OTG_HS_EP1_OUT_IRQHandler
                0x080026f8                WWDG_IRQHandler
                0x080026f8                TIM2_IRQHandler
                0x080026f8                OTG_FS_WKUP_IRQHandler
                0x080026f8                TIM1_TRG_COM_TIM11_IRQHandler
                0x080026f8                OTG_HS_IRQHandler
                0x080026f8                EXTI1_IRQHandler
                0x080026f8                USART2_IRQHandler
                0x080026f8                I2C2_ER_IRQHandler
                0x080026f8                DMA2_Stream1_IRQHandler
                0x080026f8                CAN1_SCE_IRQHandler
                0x080026f8                FLASH_IRQHandler
                0x080026f8                DMA2_Stream4_IRQHandler
                0x080026f8                USART1_IRQHandler
                0x080026f8                OTG_FS_IRQHandler
                0x080026f8                SPI3_IRQHandler
                0x080026f8                DMA1_Stream4_IRQHandler
                0x080026f8                I2C1_ER_IRQHandler
                0x080026f8                DMA2_Stream6_IRQHandler
                0x080026f8                RTC_Alarm_IRQHandler
 .text._Znwj    0x080026fa       0x22 /Users/mattheworris/arm-toolchain/arm-gnu-toolchain-15.2.rel1-darwin-arm64-arm-none-eabi/bin/../lib/gcc/arm-none-eabi/15.2.1/../../../../arm-none-eabi/lib/thumb/v7e-m+fp/hard/libstdc++_nano.a(new_op.o)
                0x080026fa                operator new(unsigned int)
 .text._ZSt15get_new_handlerv
                0x0800271c       0x10 /Users/mattheworris/arm-toolchain/arm-gnu-toolchain-15.2.rel1-darwin-arm64-arm-none-eabi/bin/../lib/gcc/arm-none-eabi/15.2.1/../../../../arm-none-eabi/lib/thumb/v7e-m+fp/hard/libstdc++_nano.a(new_handler.o)
                0x0800271c                std::get_new_handler()
 .text.atan2f   0x0800272c        0x4 /Users/mattheworris/arm-toolchain/arm-gnu-toolchain-15.2.rel1-darwin-arm64-arm-none-eabi/bin/../lib/gcc/arm-none-eabi/15.2.1/../../../../arm-none-eabi/lib/thumb/v7e-m+fp/hard/libm.a(libm_a-wf_atan2.o)
                0x0800272c                atan2f
 .text.__ieee754_atan2f
                0x08002730      0x144 /Users/mattheworris/arm-toolchain/arm-gnu-toolchain-15.2.rel1-darwin-arm64-arm-none-eabi/bin/../lib/gcc/arm-none-eabi/15.2.1/../../../../arm-none-eabi/lib/thumb/v7e-m+fp/hard/libm.a(libm_a-ef_atan2.o)
                0x08002730                __ieee754_atan2f
 .text.atanf    0x08002874      0x1b8 /Users/mattheworris/arm-toolchain/arm-gnu-toolchain-15.2.rel1-darwin-arm64-arm-none-eabi/bin/../lib/gcc/arm-none-eabi/15.2.1/../../../../arm-none-eabi/lib/thumb/v7e-m+fp/hard/libm.a(libm_a-sf_atan.o)
                0x08002874                atanf
 .text.fabsf    0x08002a2c       0x10 /Users/mattheworris/arm-toolchain/arm-gnu-toolchain-15.2.rel1-darwin-arm64-arm-none-eabi/bin/../lib/gcc/arm-none-eabi/15.2.1/../../../../arm-none-eabi/lib/thumb/v7e-m+fp/hard/libm.a(libm_a-sf_fabs.o)
                0x08002a2c                fabsf
 .text.abort    0x08002a3c        0xe /Users/mattheworris/arm-toolchain/arm-gnu-toolchain-15.2.rel1-darwin-arm64-arm-none-eabi/bin/../lib/gcc/arm-none-eabi/15.2.1/../../../../arm-none-eabi/lib/thumb/v7e-m+fp/hard/libc_nano.a(libc_a-abort.o)
                0x08002a3c                abort
 *fill*         0x08002a4a        0x2 
 .text.malloc   0x08002a4c       0x10 /Users/mattheworris/arm-toolchain/arm-gnu-toolchain-15.2.rel1-darwin-arm64-arm-none-eabi/bin/../lib/gcc/arm-none-eabi/15.2.1/../../../../arm-none-eabi/lib/thumb/v7e-m+fp/hard/libc_nano.a(libc_a-malloc.o)
                0x08002a4c                malloc
 .text.sbrk_aligned
                0x08002a5c       0x44 /Users/mattheworris/arm-toolchain/arm-gnu-toolchain-15.2.rel1-darwin-arm64-arm-none-eabi/bin/../lib/gcc/arm-none-eabi/15.2.1/../../../../arm-none-eabi/lib/thumb/v7e-m+fp/hard/libc_nano.a(libc_a-mallocr.o)
 .text._malloc_r
                0x08002aa0       0xf8 /Users/mattheworris/arm-toolchain/arm-gnu-toolchain-15.2.rel1-darwin-arm64-arm-none-eabi/bin/../lib/gcc/arm-none-eabi/15.2.1/../../../../arm-none-eabi/lib/thumb/v7e-m+fp/hard/libc_nano.a(libc_a-mallocr.o)
                0x08002aa0                _malloc_r
 .text.__malloc_lock
                0x08002b98        0xc /Users/mattheworris/arm-toolchain/arm-gnu-toolchain-15.2.rel1-darwin-arm64-arm-none-eabi/bin/../lib/gcc/arm-none-eabi/15.2.1/../../../../arm-none-eabi/lib/thumb/v7e-m+fp/hard/libc_nano.a(libc_a-mlock.o)
                0x08002b98                __malloc_lock
 .text.__malloc_unlock
                0x08002ba4        0xc /Users/mattheworris/arm-toolchain/arm-gnu-toolchain-15.2.rel1-darwin-arm64-arm-none-eabi/bin/../lib/gcc/arm-none-eabi/15.2.1/../../../../arm-none-eabi/lib/thumb/v7e-m+fp/hard/libc_nano.a(libc_a-mlock.o)
                0x08002ba4                __malloc_unlock
 .text.memset   0x08002bb0       0x10 /Users/mattheworris/arm-toolchain/arm-gnu-toolchain-15.2.rel1-darwin-arm64-arm-none-eabi/bin/../lib/gcc/arm-none-eabi/15.2.1/../../../../arm-none-eabi/lib/thumb/v7e-m+fp/hard/libc_nano.a(libc_a-memset.o)
                0x08002bb0                memset
 .text._raise_r
                0x08002bc0       0x50 /Users/mattheworris/arm-toolchain/arm-gnu-toolchain-15.2.rel1-darwin-arm64-arm-none-eabi/bin/../lib/gcc/arm-none-eabi/15.2.1/../../../../arm-none-eabi/lib/thumb/v7e-m+fp/hard/libc_nano.a(libc_a-signal.o)
                0x08002bc0                _raise_r
 .text.raise    0x08002c10       0x10 /Users/mattheworris/arm-toolchain/arm-gnu-toolchain-15.2.rel1-darwin-arm64-arm-none-eabi/bin/../lib/gcc/arm-none-eabi/15.2.1/../../../../arm-none-eabi/lib/thumb/v7e-m+fp/hard/libc_nano.a(libc_a-signal.o)
                0x08002c10                raise
 .text._kill_r  0x08002c20       0x24 /Users/mattheworris/arm-toolchain/arm-gnu-toolchain-15.2.rel1-darwin-arm64-arm-none-eabi/bin/../lib/gcc/arm-none-eabi/15.2.1/../../../../arm-none-eabi/lib/thumb/v7e-m+fp/hard/libc_nano.a(libc_a-signalr.o)
                0x08002c20                _kill_r
 .text._getpid_r
                0x08002c44        0x4 /Users/mattheworris/arm-toolchain/arm-gnu-toolchain-15.2.rel1-darwin-arm64-arm-none-eabi/bin/../lib/gcc/arm-none-eabi/15.2.1/../../../../arm-none-eabi/lib/thumb/v7e-m+fp/hard/libc_nano.a(libc_a-signalr.o)
                0x08002c44                _getpid_r
 .text._sbrk_r  0x08002c48       0x20 /Users/mattheworris/arm-toolchain/arm-gnu-toolchain-15.2.rel1-darwin-arm64-arm-none-eabi/bin/../lib/gcc/arm-none-eabi/15.2.1/../../../../arm-none-eabi/lib/thumb/v7e-m+fp/hard/libc_nano.a(libc_a-sbrkr.o)
                0x08002c48                _sbrk_r
 .text.__libc_init_array
                0x08002c68       0x48 /Users/mattheworris/arm-toolchain/arm-gnu-toolchain-15.2.rel1-darwin-arm64-arm-none-eabi/bin/../lib/gcc/arm-none-eabi/15.2.1/../../../../arm-none-eabi/lib/thumb/v7e-m+fp/hard/libc_nano.a(libc_a-init.o)
                0x08002c68                __libc_init_array
 .text.__retarget_lock_acquire_recursive
                0x08002cb0        0x2 /Users/mattheworris/arm-toolchain/arm-gnu-toolchain-15.2.rel1-darwin-arm64-arm-none-eabi/bin/../lib/gcc/arm-none-eabi/15.2.1/../../../../arm-none-eabi/lib/thumb/v7e-m+fp/hard/libc_nano.a(libc_a-lock.o)
                0x08002cb0                __retarget_lock_acquire_recursive
 .text.__retarget_lock_release_recursive
                0x08002cb2        0x2 /Users/mattheworris/arm-toolchain/arm-gnu-toolchain-15.2.rel1-darwin-arm64-arm-none-eabi/bin/../lib/gcc/arm-none-eabi/15.2.1/../../../../arm-none-eabi/lib/thumb/v7e-m+fp/hard/libc_nano.a(libc_a-lock.o)
                0x08002cb2                __retarget_lock_release_recursive
 .text.memcpy   0x08002cb4       0x1c /Users/mattheworris/arm-toolchain/arm-gnu-toolchain-15.2.rel1-darwin-arm64-arm-none-eabi/bin/../lib/gcc/arm-none-eabi/15.2.1/../../../../arm-none-eabi/lib/thumb/v7e-m+fp/hard/libc_nano.a(libc_a-memcpy-stub.o)
                0x08002cb4                memcpy
 .text.__udivmoddi4
                0x08002cd0      0x320 /Users/mattheworris/arm-toolchain/arm-gnu-toolchain-15.2.rel1-darwin-arm64-arm-none-eabi/bin/../lib/gcc/arm-none-eabi/15.2.1/thumb/v7e-m+fp/hard/libgcc.a(_udivmoddi4.o)
                0x08002cd0                __udivmoddi4
 .text._getpid  0x08002ff0       0x10 /Users/mattheworris/arm-toolchain/arm-gnu-toolchain-15.2.rel1-darwin-arm64-arm-none-eabi/bin/../lib/gcc/arm-none-eabi/15.2.1/../../../../arm-none-eabi/lib/thumb/v7e-m+fp/hard/libnosys.a(getpid.o)
                0x08002ff0                _getpid
 .text._kill    0x08003000       0x10 /Users/mattheworris/arm-toolchain/arm-gnu-toolchain-15.2.rel1-darwin-arm64-arm-none-eabi/bin/../lib/gcc/arm-none-eabi/15.2.1/../../../../arm-none-eabi/lib/thumb/v7e-m+fp/hard/libnosys.a(kill.o)
                0x08003000                _kill
 .text._sbrk    0x08003010       0x1c /Users/mattheworris/arm-toolchain/arm-gnu-toolchain-15.2.rel1-darwin-arm64-arm-none-eabi/bin/../lib/gcc/arm-none-eabi/15.2.1/../../../../arm-none-eabi/lib/thumb/v7e-m+fp/hard/libnosys.a(sbrk.o)
                0x08003010                _sbrk
 .text._exit    0x0800302c        0x4 /Users/mattheworris/arm-toolchain/arm-gnu-toolchain-15.2.rel1-darwin-arm64-arm-none-eabi/bin/../lib/gcc/arm-none-eabi/15.2.1/../../../../arm-none-eabi/lib/thumb/v7e-m+fp/hard/libnosys.a(_exit.o)
                0x0800302c                _exit
 *(.glue_7)
 .glue_7        0x08003030        0x0 linker stubs
 *(.glue_7t)
 .glue_7t       0x08003030        0x0 linker stubs
 *(.eh_frame)
 .eh_frame      0x08003030        0x0 /Users/mattheworris/arm-toolchain/arm-gnu-toolchain-15.2.rel1-darwin-arm64-arm-none-eabi/bin/../lib/gcc/arm-none-eabi/15.2.1/thumb/v7e-m+fp/hard/crtbegin.o
 *(.init)
 .init          0x08003030        0x4 /Users/mattheworris/arm-toolchain/arm-gnu-toolchain-15.2.rel1-darwin-arm64-arm-none-eabi/bin/../lib/gcc/arm-none-eabi/15.2.1/thumb/v7e-m+fp/hard/crti.o
                0x08003030                _init
 .init          0x08003034        0x8 /Users/mattheworris/arm-toolchain/arm-gnu-toolchain-15.2.rel1-darwin-arm64-arm-none-eabi/bin/../lib/gcc/arm-none-eabi/15.2.1/thumb/v7e-m+fp/hard/crtn.o
 *(.fini)
 .fini          0x0800303c        0x4 /Users/mattheworris/arm-toolchain/arm-gnu-toolchain-15.2.rel1-darwin-arm64-arm-none-eabi/bin/../lib/gcc/arm-none-eabi/15.2.1/thumb/v7e-m+fp/hard/crti.o
                0x0800303c                _fini
 .fini          0x08003040        0x8 /Users/mattheworris/arm-toolchain/arm-gnu-toolchain-15.2.rel1-darwin-arm64-arm-none-eabi/bin/../lib/gcc/arm-none-eabi/15.2.1/thumb/v7e-m+fp/hard/crtn.o
                0x08003048                        . = ALIGN (0x4)
                0x08003048                        _etext = .

.vfp11_veneer   0x08003048        0x0
 .vfp11_veneer  0x08003048        0x0 linker stubs

.v4_bx          0x08003048        0x0
 .v4_bx         0x08003048        0x0 linker stubs

.iplt           0x08003048        0x0
 .iplt          0x08003048        0x0 /Users/mattheworris/arm-toolchain/arm-gnu-toolchain-15.2.rel1-darwin-arm64-arm-none-eabi/bin/../lib/gcc/arm-none-eabi/15.2.1/thumb/v7e-m+fp/hard/crtbegin.o

.rodata         0x08003048      0x654
                0x08003048                        . = ALIGN (0x4)
 *(.rodata)
 *(.rodata*)
 .rodata._ZN13Accelerometer12readRegisterEhPh.str1.1
                0x08003048      0x5e9 CMakeFiles/level_indicator.elf.dir/App/Src/accelerometer.cpp.obj
                                 0x24 (size before relaxing)
 .rodata._ZN13Accelerometer4initEv.str1.1
                0x08003631        0x0 CMakeFiles/level_indicator.elf.dir/App/Src/accelerometer.cpp.obj
                                0x202 (size before relaxing)
 .rodata._ZN13Accelerometer11readRawDataERsS0_S0_.str1.1
                0x08003631        0x0 CMakeFiles/level_indicator.elf.dir/App/Src/accelerometer.cpp.obj
                                 0x1f (size before relaxing)
 .rodata.main.str1.1
                0x08003631        0x0 CMakeFiles/level_indicator.elf.dir/App/Src/main.cpp.obj
                                0x394 (size before relaxing)
 .rodata.AHBPrescTable
                0x08003631       0x10 CMakeFiles/level_indicator.elf.dir/Core/Src/system_stm32f4xx.c.obj
                0x08003631                AHBPrescTable
 .rodata._DoInit.str1.1
                0x08003641        0x0 CMakeFiles/level_indicator.elf.dir/RTT/SEGGER_RTT.c.obj
                                  0x9 (size before relaxing)
 .rodata._aInitStr.0
                0x08003641       0x11 CMakeFiles/level_indicator.elf.dir/RTT/SEGGER_RTT.c.obj
 .rodata.SEGGER_RTT_vprintf.str1.1
                0x08003652        0x0 CMakeFiles/level_indicator.elf.dir/RTT/SEGGER_RTT_printf.c.obj
                                  0x7 (size before relaxing)
 .rodata._aV2C.0
                0x08003652       0x10 CMakeFiles/level_indicator.elf.dir/RTT/SEGGER_RTT_printf.c.obj
 *fill*         0x08003662        0x2 
 .rodata.CSWTCH.7
                0x08003664        0xc /Users/mattheworris/arm-toolchain/arm-gnu-toolchain-15.2.rel1-darwin-arm64-arm-none-eabi/bin/../lib/gcc/arm-none-eabi/15.2.1/../../../../arm-none-eabi/lib/thumb/v7e-m+fp/hard/libm.a(libm_a-ef_atan2.o)
 .rodata.CSWTCH.6
                0x08003670        0xc /Users/mattheworris/arm-toolchain/arm-gnu-toolchain-15.2.rel1-darwin-arm64-arm-none-eabi/bin/../lib/gcc/arm-none-eabi/15.2.1/../../../../arm-none-eabi/lib/thumb/v7e-m+fp/hard/libm.a(libm_a-ef_atan2.o)
 .rodata.atanlo
                0x0800367c       0x10 /Users/mattheworris/arm-toolchain/arm-gnu-toolchain-15.2.rel1-darwin-arm64-arm-none-eabi/bin/../lib/gcc/arm-none-eabi/15.2.1/../../../../arm-none-eabi/lib/thumb/v7e-m+fp/hard/libm.a(libm_a-sf_atan.o)
 .rodata.atanhi
                0x0800368c       0x10 /Users/mattheworris/arm-toolchain/arm-gnu-toolchain-15.2.rel1-darwin-arm64-arm-none-eabi/bin/../lib/gcc/arm-none-eabi/15.2.1/../../../../arm-none-eabi/lib/thumb/v7e-m+fp/hard/libm.a(libm_a-sf_atan.o)
                0x0800369c                        . = ALIGN (0x4)

.ARM.extab
 *(.ARM.extab* .gnu.linkonce.armextab.*)

.ARM            0x0800369c        0x8
                0x0800369c                        __exidx_start = .
 *(.ARM.exidx*)
 .ARM.exidx.text.__udivmoddi4
                0x0800369c        0x8 /Users/mattheworris/arm-toolchain/arm-gnu-toolchain-15.2.rel1-darwin-arm64-arm-none-eabi/bin/../lib/gcc/arm-none-eabi/15.2.1/thumb/v7e-m+fp/hard/libgcc.a(_udivmoddi4.o)
                0x080036a4                        __exidx_end = .

.rel.dyn        0x080036a4        0x0
 .rel.iplt      0x080036a4        0x0 /Users/mattheworris/arm-toolchain/arm-gnu-toolchain-15.2.rel1-darwin-arm64-arm-none-eabi/bin/../lib/gcc/arm-none-eabi/15.2.1/thumb/v7e-m+fp/hard/crtbegin.o

.preinit_array  0x080036a4        0x0
                0x080036a4                        PROVIDE (__preinit_array_start = .)
 *(.preinit_array*)
                0x080036a4                        PROVIDE (__preinit_array_end = .)

.init_array     0x080036a4        0x4
                0x080036a4                        PROVIDE (__init_array_start = .)
 *(SORT_BY_NAME(.init_array.*))
 *(.init_array*)
 .init_array    0x080036a4        0x4 /Users/mattheworris/arm-toolchain/arm-gnu-toolchain-15.2.rel1-darwin-arm64-arm-none-eabi/bin/../lib/gcc/arm-none-eabi/15.2.1/thumb/v7e-m+fp/hard/crtbegin.o
                0x080036a8                        PROVIDE (__init_array_end = .)

.fini_array     0x080036a8        0x4
                [!provide]                        PROVIDE (__fini_array_start = .)
 *(SORT_BY_NAME(.fini_array.*))
 *(.fini_array*)
 .fini_array    0x080036a8        0x4 /Users/mattheworris/arm-toolchain/arm-gnu-toolchain-15.2.rel1-darwin-arm64-arm-none-eabi/bin/../lib/gcc/arm-none-eabi/15.2.1/thumb/v7e-m+fp/hard/crtbegin.o
                [!provide]                        PROVIDE (__fini_array_end = .)
                0x080036ac                        _sidata = LOADADDR (.data)

.data           0x20000000       0x5c load address 0x080036ac
                0x20000000                        . = ALIGN (0x4)
                0x20000000                        _sdata = .
 *(.data)
 *(.data*)
 .data.SystemCoreClock
                0x20000000        0x4 CMakeFiles/level_indicator.elf.dir/Core/Src/system_stm32f4xx.c.obj
                0x20000000                SystemCoreClock
 .data.uwTickFreq
                0x20000004        0x1 CMakeFiles/level_indicator.elf.dir/Drivers/STM32F4xx_HAL_Driver/Src/stm32f4xx_hal.c.obj
                0x20000004                uwTickFreq
 *fill*         0x20000005        0x3 
 .data.uwTickPrio
                0x20000008        0x4 CMakeFiles/level_indicator.elf.dir/Drivers/STM32F4xx_HAL_Driver/Src/stm32f4xx_hal.c.obj
                0x20000008                uwTickPrio
 .data._impure_ptr
                0x2000000c        0x4 /Users/mattheworris/arm-toolchain/arm-gnu-toolchain-15.2.rel1-darwin-arm64-arm-none-eabi/bin/../lib/gcc/arm-none-eabi/15.2.1/../../../../arm-none-eabi/lib/thumb/v7e-m+fp/hard/libc_nano.a(libc_a-impure.o)
                0x2000000c                _impure_ptr
 .data._impure_data
                0x20000010       0x4c /Users/mattheworris/arm-toolchain/arm-gnu-toolchain-15.2.rel1-darwin-arm64-arm-none-eabi/bin/../lib/gcc/arm-none-eabi/15.2.1/../../../../arm-none-eabi/lib/thumb/v7e-m+fp/hard/libc_nano.a(libc_a-impure.o)
                0x20000010                _impure_data
                0x2000005c                        . = ALIGN (0x4)
                0x2000005c                        _edata = .

.tm_clone_table
                0x2000005c        0x0 load address 0x08003708
 .tm_clone_table
                0x2000005c        0x0 /Users/mattheworris/arm-toolchain/arm-gnu-toolchain-15.2.rel1-darwin-arm64-arm-none-eabi/bin/../lib/gcc/arm-none-eabi/15.2.1/thumb/v7e-m+fp/hard/crtbegin.o
 .tm_clone_table
                0x2000005c        0x0 /Users/mattheworris/arm-toolchain/arm-gnu-toolchain-15.2.rel1-darwin-arm64-arm-none-eabi/bin/../lib/gcc/arm-none-eabi/15.2.1/thumb/v7e-m+fp/hard/crtend.o

.igot.plt       0x2000005c        0x0 load address 0x08003708
 .igot.plt      0x2000005c        0x0 /Users/mattheworris/arm-toolchain/arm-gnu-toolchain-15.2.rel1-darwin-arm64-arm-none-eabi/bin/../lib/gcc/arm-none-eabi/15.2.1/thumb/v7e-m+fp/hard/crtbegin.o
                0x2000005c                        . = ALIGN (0x4)

.bss            0x2000005c      0x6a4 load address 0x08003708
                0x2000005c                        _sbss = .
                0x2000005c                        __bss_start__ = _sbss
 *(.bss)
 *(.bss*)
 .bss.completed.1
                0x2000005c        0x1 /Users/mattheworris/arm-toolchain/arm-gnu-toolchain-15.2.rel1-darwin-arm64-arm-none-eabi/bin/../lib/gcc/arm-none-eabi/15.2.1/thumb/v7e-m+fp/hard/crtbegin.o
 *fill*         0x2000005d        0x3 
 .bss.object.0  0x20000060       0x18 /Users/mattheworris/arm-toolchain/arm-gnu-toolchain-15.2.rel1-darwin-arm64-arm-none-eabi/bin/../lib/gcc/arm-none-eabi/15.2.1/thumb/v7e-m+fp/hard/crtbegin.o
 .bss._ZL14level_detector
                0x20000078        0x4 CMakeFiles/level_indicator.elf.dir/App/Src/main.cpp.obj
 .bss._ZL4leds  0x2000007c        0x4 CMakeFiles/level_indicator.elf.dir/App/Src/main.cpp.obj
 .bss._ZL5accel
                0x20000080        0x4 CMakeFiles/level_indicator.elf.dir/App/Src/main.cpp.obj
 .bss._ZL5hspi1
                0x20000084       0x58 CMakeFiles/level_indicator.elf.dir/App/Src/main.cpp.obj
 .bss._ZL5htim4
                0x200000dc       0x48 CMakeFiles/level_indicator.elf.dir/App/Src/main.cpp.obj
 .bss.uwTick    0x20000124        0x4 CMakeFiles/level_indicator.elf.dir/Drivers/STM32F4xx_HAL_Driver/Src/stm32f4xx_hal.c.obj
                0x20000124                uwTick
 .bss._acDownBuffer
                0x20000128       0x10 CMakeFiles/level_indicator.elf.dir/RTT/SEGGER_RTT.c.obj
 .bss._acUpBuffer
                0x20000138      0x400 CMakeFiles/level_indicator.elf.dir/RTT/SEGGER_RTT.c.obj
 .bss._SEGGER_RTT
                0x20000538       0x78 CMakeFiles/level_indicator.elf.dir/RTT/SEGGER_RTT.c.obj
                0x20000538                _SEGGER_RTT
 .bss._ZN12_GLOBAL__N_1L13__new_handlerE
                0x200005b0        0x4 /Users/mattheworris/arm-toolchain/arm-gnu-toolchain-15.2.rel1-darwin-arm64-arm-none-eabi/bin/../lib/gcc/arm-none-eabi/15.2.1/../../../../arm-none-eabi/lib/thumb/v7e-m+fp/hard/libstdc++_nano.a(new_handler.o)
 .bss.__malloc_sbrk_start
                0x200005b4        0x4 /Users/mattheworris/arm-toolchain/arm-gnu-toolchain-15.2.rel1-darwin-arm64-arm-none-eabi/bin/../lib/gcc/arm-none-eabi/15.2.1/../../../../arm-none-eabi/lib/thumb/v7e-m+fp/hard/libc_nano.a(libc_a-mallocr.o)
                0x200005b4                __malloc_sbrk_start
 .bss.__malloc_free_list
                0x200005b8        0x4 /Users/mattheworris/arm-toolchain/arm-gnu-toolchain-15.2.rel1-darwin-arm64-arm-none-eabi/bin/../lib/gcc/arm-none-eabi/15.2.1/../../../../arm-none-eabi/lib/thumb/v7e-m+fp/hard/libc_nano.a(libc_a-mallocr.o)
                0x200005b8                __malloc_free_list
 .bss.__sf      0x200005bc      0x138 /Users/mattheworris/arm-toolchain/arm-gnu-toolchain-15.2.rel1-darwin-arm64-arm-none-eabi/bin/../lib/gcc/arm-none-eabi/15.2.1/../../../../arm-none-eabi/lib/thumb/v7e-m+fp/hard/libc_nano.a(libc_a-findfp.o)
                0x200005bc                __sf
 .bss.__lock___malloc_recursive_mutex
                0x200006f4        0x1 /Users/mattheworris/arm-toolchain/arm-gnu-toolchain-15.2.rel1-darwin-arm64-arm-none-eabi/bin/../lib/gcc/arm-none-eabi/15.2.1/../../../../arm-none-eabi/lib/thumb/v7e-m+fp/hard/libc_nano.a(libc_a-lock.o)
                0x200006f4                __lock___malloc_recursive_mutex
 *fill*         0x200006f5        0x3 
 .bss.errno     0x200006f8        0x4 /Users/mattheworris/arm-toolchain/arm-gnu-toolchain-15.2.rel1-darwin-arm64-arm-none-eabi/bin/../lib/gcc/arm-none-eabi/15.2.1/../../../../arm-none-eabi/lib/thumb/v7e-m+fp/hard/libc_nano.a(libc_a-reent.o)
                0x200006f8                errno
 .bss.heap_end.0
                0x200006fc        0x4 /Users/mattheworris/arm-toolchain/arm-gnu-toolchain-15.2.rel1-darwin-arm64-arm-none-eabi/bin/../lib/gcc/arm-none-eabi/15.2.1/../../../../arm-none-eabi/lib/thumb/v7e-m+fp/hard/libnosys.a(sbrk.o)
 *(COMMON)
                0x20000700                        . = ALIGN (0x4)
                0x20000700                        _ebss = .
                0x20000700                        __bss_end__ = _ebss

._user_heap_stack
                0x20000700     0x2200 load address 0x08003708
                0x20000700                        . = ALIGN (0x8)
                0x20000700                        PROVIDE (end = .)
                [!provide]                        PROVIDE (_end = .)
                0x20000900                        . = (. + _Min_Heap_Size)
 *fill*         0x20000700      0x200 
                0x20002900                        . = (. + _Min_Stack_Size)
 *fill*         0x20000900     0x2000 
                0x20002900                        . = ALIGN (0x8)

/DISCARD/
 libc.a(*)
 libm.a(*)
 libgcc.a(*)

.ARM.attributes
                0x00000000       0x30
 *(.ARM.attributes)
 .ARM.attributes
                0x00000000       0x22 /Users/mattheworris/arm-toolchain/arm-gnu-toolchain-15.2.rel1-darwin-arm64-arm-none-eabi/bin/../lib/gcc/arm-none-eabi/15.2.1/thumb/v7e-m+fp/hard/crti.o
 .ARM.attributes
                0x00000022       0x34 /Users/mattheworris/arm-toolchain/arm-gnu-toolchain-15.2.rel1-darwin-arm64-arm-none-eabi/bin/../lib/gcc/arm-none-eabi/15.2.1/thumb/v7e-m+fp/hard/crtbegin.o
 .ARM.attributes
                0x00000056       0x34 CMakeFiles/level_indicator.elf.dir/App/Src/accelerometer.cpp.obj
 .ARM.attributes
                0x0000008a       0x34 CMakeFiles/level_indicator.elf.dir/App/Src/led_controller.cpp.obj
 .ARM.attributes
                0x000000be       0x34 CMakeFiles/level_indicator.elf.dir/App/Src/level_algorithm.cpp.obj
 .ARM.attributes
                0x000000f2       0x34 CMakeFiles/level_indicator.elf.dir/App/Src/main.cpp.obj
 .ARM.attributes
                0x00000126       0x34 CMakeFiles/level_indicator.elf.dir/Core/Src/stm32f4xx_hal_msp.c.obj
 .ARM.attributes
                0x0000015a       0x34 CMakeFiles/level_indicator.elf.dir/Core/Src/stm32f4xx_it.c.obj
 .ARM.attributes
                0x0000018e       0x34 CMakeFiles/level_indicator.elf.dir/Core/Src/system_stm32f4xx.c.obj
 .ARM.attributes
                0x000001c2       0x34 CMakeFiles/level_indicator.elf.dir/Drivers/STM32F4xx_HAL_Driver/Src/stm32f4xx_hal.c.obj
 .ARM.attributes
                0x000001f6       0x34 CMakeFiles/level_indicator.elf.dir/Drivers/STM32F4xx_HAL_Driver/Src/stm32f4xx_hal_cortex.c.obj
 .ARM.attributes
                0x0000022a       0x34 CMakeFiles/level_indicator.elf.dir/Drivers/STM32F4xx_HAL_Driver/Src/stm32f4xx_hal_gpio.c.obj
 .ARM.attributes
                0x0000025e       0x34 CMakeFiles/level_indicator.elf.dir/Drivers/STM32F4xx_HAL_Driver/Src/stm32f4xx_hal_rcc.c.obj
 .ARM.attributes
                0x00000292       0x34 CMakeFiles/level_indicator.elf.dir/Drivers/STM32F4xx_HAL_Driver/Src/stm32f4xx_hal_spi.c.obj
 .ARM.attributes
                0x000002c6       0x34 CMakeFiles/level_indicator.elf.dir/Drivers/STM32F4xx_HAL_Driver/Src/stm32f4xx_hal_tim.c.obj
 .ARM.attributes
                0x000002fa       0x34 CMakeFiles/level_indicator.elf.dir/RTT/SEGGER_RTT.c.obj
 .ARM.attributes
                0x0000032e       0x34 CMakeFiles/level_indicator.elf.dir/RTT/SEGGER_RTT_printf.c.obj
 .ARM.attributes
                0x00000362       0x21 CMakeFiles/level_indicator.elf.dir/Core/Src/startup_stm32f407xx.s.obj
 .ARM.attributes
                0x00000383       0x34 /Users/mattheworris/arm-toolchain/arm-gnu-toolchain-15.2.rel1-darwin-arm64-arm-none-eabi/bin/../lib/gcc/arm-none-eabi/15.2.1/../../../../arm-none-eabi/lib/thumb/v7e-m+fp/hard/libstdc++_nano.a(new_op.o)
 .ARM.attributes
                0x000003b7       0x34 /Users/mattheworris/arm-toolchain/arm-gnu-toolchain-15.2.rel1-darwin-arm64-arm-none-eabi/bin/../lib/gcc/arm-none-eabi/15.2.1/../../../../arm-none-eabi/lib/thumb/v7e-m+fp/hard/libstdc++_nano.a(new_handler.o)
 .ARM.attributes
                0x000003eb       0x34 /Users/mattheworris/arm-toolchain/arm-gnu-toolchain-15.2.rel1-darwin-arm64-arm-none-eabi/bin/../lib/gcc/arm-none-eabi/15.2.1/../../../../arm-none-eabi/lib/thumb/v7e-m+fp/hard/libm.a(libm_a-wf_atan2.o)
 .ARM.attributes
                0x0000041f       0x34 /Users/mattheworris/arm-toolchain/arm-gnu-toolchain-15.2.rel1-darwin-arm64-arm-none-eabi/bin/../lib/gcc/arm-none-eabi/15.2.1/../../../../arm-none-eabi/lib/thumb/v7e-m+fp/hard/libm.a(libm_a-ef_atan2.o)
 .ARM.attributes
                0x00000453       0x34 /Users/mattheworris/arm-toolchain/arm-gnu-toolchain-15.2.rel1-darwin-arm64-arm-none-eabi/bin/../lib/gcc/arm-none-eabi/15.2.1/../../../../arm-none-eabi/lib/thumb/v7e-m+fp/hard/libm.a(libm_a-sf_atan.o)
 .ARM.attributes
                0x00000487       0x34 /Users/mattheworris/arm-toolchain/arm-gnu-toolchain-15.2.rel1-darwin-arm64-arm-none-eabi/bin/../lib/gcc/arm-none-eabi/15.2.1/../../../../arm-none-eabi/lib/thumb/v7e-m+fp/hard/libm.a(libm_a-sf_fabs.o)
 .ARM.attributes
                0x000004bb       0x34 /Users/mattheworris/arm-toolchain/arm-gnu-toolchain-15.2.rel1-darwin-arm64-arm-none-eabi/bin/../lib/gcc/arm-none-eabi/15.2.1/../../../../arm-none-eabi/lib/thumb/v7e-m+fp/hard/libc_nano.a(libc_a-abort.o)
 .ARM.attributes
                0x000004ef       0x34 /Users/mattheworris/arm-toolchain/arm-gnu-toolchain-15.2.rel1-darwin-arm64-arm-none-eabi/bin/../lib/gcc/arm-none-eabi/15.2.1/../../../../arm-none-eabi/lib/thumb/v7e-m+fp/hard/libc_nano.a(libc_a-malloc.o)
 .ARM.attributes
                0x00000523       0x34 /Users/mattheworris/arm-toolchain/arm-gnu-toolchain-15.2.rel1-darwin-arm64-arm-none-eabi/bin/../lib/gcc/arm-none-eabi/15.2.1/../../../../arm-none-eabi/lib/thumb/v7e-m+fp/hard/libc_nano.a(libc_a-mallocr.o)
 .ARM.attributes
                0x00000557       0x34 /Users/mattheworris/arm-toolchain/arm-gnu-toolchain-15.2.rel1-darwin-arm64-arm-none-eabi/bin/../lib/gcc/arm-none-eabi/15.2.1/../../../../arm-none-eabi/lib/thumb/v7e-m+fp/hard/libc_nano.a(libc_a-mlock.o)
 .ARM.attributes
                0x0000058b       0x34 /Users/mattheworris/arm-toolchain/arm-gnu-toolchain-15.2.rel1-darwin-arm64-arm-none-eabi/bin/../lib/gcc/arm-none-eabi/15.2.1/../../../../arm-none-eabi/lib/thumb/v7e-m+fp/hard/libc_nano.a(libc_a-findfp.o)
 .ARM.attributes
                0x000005bf       0x34 /Users/mattheworris/arm-toolchain/arm-gnu-toolchain-15.2.rel1-darwin-arm64-arm-none-eabi/bin/../lib/gcc/arm-none-eabi/15.2.1/../../../../arm-none-eabi/lib/thumb/v7e-m+fp/hard/libc_nano.a(libc_a-memset.o)
 .ARM.attributes
                0x000005f3       0x34 /Users/mattheworris/arm-toolchain/arm-gnu-toolchain-15.2.rel1-darwin-arm64-arm-none-eabi/bin/../lib/gcc/arm-none-eabi/15.2.1/../../../../arm-none-eabi/lib/thumb/v7e-m+fp/hard/libc_nano.a(libc_a-signal.o)
 .ARM.attributes
                0x00000627       0x34 /Users/mattheworris/arm-toolchain/arm-gnu-toolchain-15.2.rel1-darwin-arm64-arm-none-eabi/bin/../lib/gcc/arm-none-eabi/15.2.1/../../../../arm-none-eabi/lib/thumb/v7e-m+fp/hard/libc_nano.a(libc_a-signalr.o)
 .ARM.attributes
                0x0000065b       0x34 /Users/mattheworris/arm-toolchain/arm-gnu-toolchain-15.2.rel1-darwin-arm64-arm-none-eabi/bin/../lib/gcc/arm-none-eabi/15.2.1/../../../../arm-none-eabi/lib/thumb/v7e-m+fp/hard/libc_nano.a(libc_a-sbrkr.o)
 .ARM.attributes
                0x0000068f       0x34 /Users/mattheworris/arm-toolchain/arm-gnu-toolchain-15.2.rel1-darwin-arm64-arm-none-eabi/bin/../lib/gcc/arm-none-eabi/15.2.1/../../../../arm-none-eabi/lib/thumb/v7e-m+fp/hard/libc_nano.a(libc_a-init.o)
 .ARM.attributes
                0x000006c3       0x34 /Users/mattheworris/arm-toolchain/arm-gnu-toolchain-15.2.rel1-darwin-arm64-arm-none-eabi/bin/../lib/gcc/arm-none-eabi/15.2.1/../../../../arm-none-eabi/lib/thumb/v7e-m+fp/hard/libc_nano.a(libc_a-lock.o)
 .ARM.attributes
                0x000006f7       0x34 /Users/mattheworris/arm-toolchain/arm-gnu-toolchain-15.2.rel1-darwin-arm64-arm-none-eabi/bin/../lib/gcc/arm-none-eabi/15.2.1/../../../../arm-none-eabi/lib/thumb/v7e-m+fp/hard/libc_nano.a(libc_a-reent.o)
 .ARM.attributes
                0x0000072b       0x34 /Users/mattheworris/arm-toolchain/arm-gnu-toolchain-15.2.rel1-darwin-arm64-arm-none-eabi/bin/../lib/gcc/arm-none-eabi/15.2.1/../../../../arm-none-eabi/lib/thumb/v7e-m+fp/hard/libc_nano.a(libc_a-impure.o)
 .ARM.attributes
                0x0000075f       0x34 /Users/mattheworris/arm-toolchain/arm-gnu-toolchain-15.2.rel1-darwin-arm64-arm-none-eabi/bin/../lib/gcc/arm-none-eabi/15.2.1/../../../../arm-none-eabi/lib/thumb/v7e-m+fp/hard/libc_nano.a(libc_a-memcpy-stub.o)
 .ARM.attributes
                0x00000793       0x22 /Users/mattheworris/arm-toolchain/arm-gnu-toolchain-15.2.rel1-darwin-arm64-arm-none-eabi/bin/../lib/gcc/arm-none-eabi/15.2.1/thumb/v7e-m+fp/hard/libgcc.a(_aeabi_uldivmod.o)
 .ARM.attributes
                0x000007b5       0x34 /Users/mattheworris/arm-toolchain/arm-gnu-toolchain-15.2.rel1-darwin-arm64-arm-none-eabi/bin/../lib/gcc/arm-none-eabi/15.2.1/thumb/v7e-m+fp/hard/libgcc.a(_udivmoddi4.o)
 .ARM.attributes
                0x000007e9       0x22 /Users/mattheworris/arm-toolchain/arm-gnu-toolchain-15.2.rel1-darwin-arm64-arm-none-eabi/bin/../lib/gcc/arm-none-eabi/15.2.1/thumb/v7e-m+fp/hard/libgcc.a(_dvmd_tls.o)
 .ARM.attributes
                0x0000080b       0x34 /Users/mattheworris/arm-toolchain/arm-gnu-toolchain-15.2.rel1-darwin-arm64-arm-none-eabi/bin/../lib/gcc/arm-none-eabi/15.2.1/../../../../arm-none-eabi/lib/thumb/v7e-m+fp/hard/libnosys.a(getpid.o)
 .ARM.attributes
                0x0000083f       0x34 /Users/mattheworris/arm-toolchain/arm-gnu-toolchain-15.2.rel1-darwin-arm64-arm-none-eabi/bin/../lib/gcc/arm-none-eabi/15.2.1/../../../../arm-none-eabi/lib/thumb/v7e-m+fp/hard/libnosys.a(kill.o)
 .ARM.attributes
                0x00000873       0x34 /Users/mattheworris/arm-toolchain/arm-gnu-toolchain-15.2.rel1-darwin-arm64-arm-none-eabi/bin/../lib/gcc/arm-none-eabi/15.2.1/../../../../arm-none-eabi/lib/thumb/v7e-m+fp/hard/libnosys.a(sbrk.o)
 .ARM.attributes
                0x000008a7       0x34 /Users/mattheworris/arm-toolchain/arm-gnu-toolchain-15.2.rel1-darwin-arm64-arm-none-eabi/bin/../lib/gcc/arm-none-eabi/15.2.1/../../../../arm-none-eabi/lib/thumb/v7e-m+fp/hard/libnosys.a(_exit.o)
 .ARM.attributes
                0x000008db       0x34 /Users/mattheworris/arm-toolchain/arm-gnu-toolchain-15.2.rel1-darwin-arm64-arm-none-eabi/bin/../lib/gcc/arm-none-eabi/15.2.1/thumb/v7e-m+fp/hard/crtend.o
 .ARM.attributes
                0x0000090f       0x22 /Users/mattheworris/arm-toolchain/arm-gnu-toolchain-15.2.rel1-darwin-arm64-arm-none-eabi/bin/../lib/gcc/arm-none-eabi/15.2.1/thumb/v7e-m+fp/hard/crtn.o
OUTPUT(level_indicator.elf elf32-littlearm)
LOAD linker stubs
LOAD /Users/mattheworris/arm-toolchain/arm-gnu-toolchain-15.2.rel1-darwin-arm64-arm-none-eabi/bin/../lib/gcc/arm-none-eabi/15.2.1/../../../../arm-none-eabi/lib/thumb/v7e-m+fp/hard/libc.a
LOAD /Users/mattheworris/arm-toolchain/arm-gnu-toolchain-15.2.rel1-darwin-arm64-arm-none-eabi/bin/../lib/gcc/arm-none-eabi/15.2.1/../../../../arm-none-eabi/lib/thumb/v7e-m+fp/hard/libm.a
LOAD /Users/mattheworris/arm-toolchain/arm-gnu-toolchain-15.2.rel1-darwin-arm64-arm-none-eabi/bin/../lib/gcc/arm-none-eabi/15.2.1/thumb/v7e-m+fp/hard/libgcc.a

.debug_info     0x00000000    0x131e2
 .debug_info    0x00000000     0x2544 CMakeFiles/level_indicator.elf.dir/App/Src/accelerometer.cpp.obj
 .debug_info    0x00002544      0xda6 CMakeFiles/level_indicator.elf.dir/App/Src/led_controller.cpp.obj
 .debug_info    0x000032ea      0x8c2 CMakeFiles/level_indicator.elf.dir/App/Src/level_algorithm.cpp.obj
 .debug_info    0x00003bac     0x35f2 CMakeFiles/level_indicator.elf.dir/App/Src/main.cpp.obj
 .debug_info    0x0000719e      0xe87 CMakeFiles/level_indicator.elf.dir/Core/Src/stm32f4xx_hal_msp.c.obj
 .debug_info    0x00008025      0x1a6 CMakeFiles/level_indicator.elf.dir/Core/Src/stm32f4xx_it.c.obj
 .debug_info    0x000081cb      0x527 CMakeFiles/level_indicator.elf.dir/Core/Src/system_stm32f4xx.c.obj
 .debug_info    0x000086f2      0xa18 CMakeFiles/level_indicator.elf.dir/Drivers/STM32F4xx_HAL_Driver/Src/stm32f4xx_hal.c.obj
 .debug_info    0x0000910a      0xffe CMakeFiles/level_indicator.elf.dir/Drivers/STM32F4xx_HAL_Driver/Src/stm32f4xx_hal_cortex.c.obj
 .debug_info    0x0000a108      0x70e CMakeFiles/level_indicator.elf.dir/Drivers/STM32F4xx_HAL_Driver/Src/stm32f4xx_hal_gpio.c.obj
 .debug_info    0x0000a816      0xadc CMakeFiles/level_indicator.elf.dir/Drivers/STM32F4xx_HAL_Driver/Src/stm32f4xx_hal_rcc.c.obj
 .debug_info    0x0000b2f2     0x1d92 CMakeFiles/level_indicator.elf.dir/Drivers/STM32F4xx_HAL_Driver/Src/stm32f4xx_hal_spi.c.obj
 .debug_info    0x0000d084     0x3f75 CMakeFiles/level_indicator.elf.dir/Drivers/STM32F4xx_HAL_Driver/Src/stm32f4xx_hal_tim.c.obj
 .debug_info    0x00010ff9     0x1b7f CMakeFiles/level_indicator.elf.dir/RTT/SEGGER_RTT.c.obj
 .debug_info    0x00012b78      0x63a CMakeFiles/level_indicator.elf.dir/RTT/SEGGER_RTT_printf.c.obj
 .debug_info    0x000131b2       0x30 CMakeFiles/level_indicator.elf.dir/Core/Src/startup_stm32f407xx.s.obj

.debug_abbrev   0x00000000     0x2d0e
 .debug_abbrev  0x00000000      0x4aa CMakeFiles/level_indicator.elf.dir/App/Src/accelerometer.cpp.obj
 .debug_abbrev  0x000004aa      0x30a CMakeFiles/level_indicator.elf.dir/App/Src/led_controller.cpp.obj
 .debug_abbrev  0x000007b4      0x2e1 CMakeFiles/level_indicator.elf.dir/App/Src/level_algorithm.cpp.obj
 .debug_abbrev  0x00000a95      0x648 CMakeFiles/level_indicator.elf.dir/App/Src/main.cpp.obj
 .debug_abbrev  0x000010dd      0x1ea CMakeFiles/level_indicator.elf.dir/Core/Src/stm32f4xx_hal_msp.c.obj
 .debug_abbrev  0x000012c7       0xfb CMakeFiles/level_indicator.elf.dir/Core/Src/stm32f4xx_it.c.obj
 .debug_abbrev  0x000013c2      0x11e CMakeFiles/level_indicator.elf.dir/Core/Src/system_stm32f4xx.c.obj
 .debug_abbrev  0x000014e0      0x283 CMakeFiles/level_indicator.elf.dir/Drivers/STM32F4xx_HAL_Driver/Src/stm32f4xx_hal.c.obj
 .debug_abbrev  0x00001763      0x37e CMakeFiles/level_indicator.elf.dir/Drivers/STM32F4xx_HAL_Driver/Src/stm32f4xx_hal_cortex.c.obj
 .debug_abbrev  0x00001ae1      0x209 CMakeFiles/level_indicator.elf.dir/Drivers/STM32F4xx_HAL_Driver/Src/stm32f4xx_hal_gpio.c.obj
 .debug_abbrev  0x00001cea      0x356 CMakeFiles/level_indicator.elf.dir/Drivers/STM32F4xx_HAL_Driver/Src/stm32f4xx_hal_rcc.c.obj
 .debug_abbrev  0x00002040      0x360 CMakeFiles/level_indicator.elf.dir/Drivers/STM32F4xx_HAL_Driver/Src/stm32f4xx_hal_spi.c.obj
 .debug_abbrev  0x000023a0      0x387 CMakeFiles/level_indicator.elf.dir/Drivers/STM32F4xx_HAL_Driver/Src/stm32f4xx_hal_tim.c.obj
 .debug_abbrev  0x00002727      0x325 CMakeFiles/level_indicator.elf.dir/RTT/SEGGER_RTT.c.obj
 .debug_abbrev  0x00002a4c      0x29e CMakeFiles/level_indicator.elf.dir/RTT/SEGGER_RTT_printf.c.obj
 .debug_abbrev  0x00002cea       0x24 CMakeFiles/level_indicator.elf.dir/Core/Src/startup_stm32f407xx.s.obj

.debug_loclists
                0x00000000     0x6a4c
 .debug_loclists
                0x00000000      0x1f9 CMakeFiles/level_indicator.elf.dir/App/Src/accelerometer.cpp.obj
 .debug_loclists
                0x000001f9      0x1a1 CMakeFiles/level_indicator.elf.dir/App/Src/led_controller.cpp.obj
 .debug_loclists
                0x0000039a      0x26f CMakeFiles/level_indicator.elf.dir/App/Src/level_algorithm.cpp.obj
 .debug_loclists
                0x00000609       0xe7 CMakeFiles/level_indicator.elf.dir/App/Src/main.cpp.obj
 .debug_loclists
                0x000006f0       0x9d CMakeFiles/level_indicator.elf.dir/Core/Src/stm32f4xx_hal_msp.c.obj
 .debug_loclists
                0x0000078d       0x74 CMakeFiles/level_indicator.elf.dir/Core/Src/system_stm32f4xx.c.obj
 .debug_loclists
                0x00000801       0xd5 CMakeFiles/level_indicator.elf.dir/Drivers/STM32F4xx_HAL_Driver/Src/stm32f4xx_hal.c.obj
 .debug_loclists
                0x000008d6      0x45b CMakeFiles/level_indicator.elf.dir/Drivers/STM32F4xx_HAL_Driver/Src/stm32f4xx_hal_cortex.c.obj
 .debug_loclists
                0x00000d31      0x2a4 CMakeFiles/level_indicator.elf.dir/Drivers/STM32F4xx_HAL_Driver/Src/stm32f4xx_hal_gpio.c.obj
 .debug_loclists
                0x00000fd5      0x314 CMakeFiles/level_indicator.elf.dir/Drivers/STM32F4xx_HAL_Driver/Src/stm32f4xx_hal_rcc.c.obj
 .debug_loclists
                0x000012e9     0x1044 CMakeFiles/level_indicator.elf.dir/Drivers/STM32F4xx_HAL_Driver/Src/stm32f4xx_hal_spi.c.obj
 .debug_loclists
                0x0000232d     0x2bac CMakeFiles/level_indicator.elf.dir/Drivers/STM32F4xx_HAL_Driver/Src/stm32f4xx_hal_tim.c.obj
 .debug_loclists
                0x00004ed9     0x136f CMakeFiles/level_indicator.elf.dir/RTT/SEGGER_RTT.c.obj
 .debug_loclists
                0x00006248      0x804 CMakeFiles/level_indicator.elf.dir/RTT/SEGGER_RTT_printf.c.obj

.debug_aranges  0x00000000      0xb80
 .debug_aranges
                0x00000000       0x58 CMakeFiles/level_indicator.elf.dir/App/Src/accelerometer.cpp.obj
 .debug_aranges
                0x00000058       0x48 CMakeFiles/level_indicator.elf.dir/App/Src/led_controller.cpp.obj
 .debug_aranges
                0x000000a0       0x38 CMakeFiles/level_indicator.elf.dir/App/Src/level_algorithm.cpp.obj
 .debug_aranges
                0x000000d8       0x30 CMakeFiles/level_indicator.elf.dir/App/Src/main.cpp.obj
 .debug_aranges
                0x00000108       0x40 CMakeFiles/level_indicator.elf.dir/Core/Src/stm32f4xx_hal_msp.c.obj
 .debug_aranges
                0x00000148       0x60 CMakeFiles/level_indicator.elf.dir/Core/Src/stm32f4xx_it.c.obj
 .debug_aranges
                0x000001a8       0x28 CMakeFiles/level_indicator.elf.dir/Core/Src/system_stm32f4xx.c.obj
 .debug_aranges
                0x000001d0       0xf0 CMakeFiles/level_indicator.elf.dir/Drivers/STM32F4xx_HAL_Driver/Src/stm32f4xx_hal.c.obj
 .debug_aranges
                0x000002c0       0xc0 CMakeFiles/level_indicator.elf.dir/Drivers/STM32F4xx_HAL_Driver/Src/stm32f4xx_hal_cortex.c.obj
 .debug_aranges
                0x00000380       0x58 CMakeFiles/level_indicator.elf.dir/Drivers/STM32F4xx_HAL_Driver/Src/stm32f4xx_hal_gpio.c.obj
 .debug_aranges
                0x000003d8       0x88 CMakeFiles/level_indicator.elf.dir/Drivers/STM32F4xx_HAL_Driver/Src/stm32f4xx_hal_rcc.c.obj
 .debug_aranges
                0x00000460      0x1d0 CMakeFiles/level_indicator.elf.dir/Drivers/STM32F4xx_HAL_Driver/Src/stm32f4xx_hal_spi.c.obj
 .debug_aranges
                0x00000630      0x3b8 CMakeFiles/level_indicator.elf.dir/Drivers/STM32F4xx_HAL_Driver/Src/stm32f4xx_hal_tim.c.obj
 .debug_aranges
                0x000009e8      0x138 CMakeFiles/level_indicator.elf.dir/RTT/SEGGER_RTT.c.obj
 .debug_aranges
                0x00000b20       0x38 CMakeFiles/level_indicator.elf.dir/RTT/SEGGER_RTT_printf.c.obj
 .debug_aranges
                0x00000b58       0x28 CMakeFiles/level_indicator.elf.dir/Core/Src/startup_stm32f407xx.s.obj

.debug_rnglists
                0x00000000      0xc11
 .debug_rnglists
                0x00000000       0x70 CMakeFiles/level_indicator.elf.dir/App/Src/accelerometer.cpp.obj
 .debug_rnglists
                0x00000070       0x5b CMakeFiles/level_indicator.elf.dir/App/Src/led_controller.cpp.obj
 .debug_rnglists
                0x000000cb       0x47 CMakeFiles/level_indicator.elf.dir/App/Src/level_algorithm.cpp.obj
 .debug_rnglists
                0x00000112       0x93 CMakeFiles/level_indicator.elf.dir/App/Src/main.cpp.obj
 .debug_rnglists
                0x000001a5       0x5c CMakeFiles/level_indicator.elf.dir/Core/Src/stm32f4xx_hal_msp.c.obj
 .debug_rnglists
                0x00000201       0x43 CMakeFiles/level_indicator.elf.dir/Core/Src/stm32f4xx_it.c.obj
 .debug_rnglists
                0x00000244       0x19 CMakeFiles/level_indicator.elf.dir/Core/Src/system_stm32f4xx.c.obj
 .debug_rnglists
                0x0000025d       0xaf CMakeFiles/level_indicator.elf.dir/Drivers/STM32F4xx_HAL_Driver/Src/stm32f4xx_hal.c.obj
 .debug_rnglists
                0x0000030c       0xe8 CMakeFiles/level_indicator.elf.dir/Drivers/STM32F4xx_HAL_Driver/Src/stm32f4xx_hal_cortex.c.obj
 .debug_rnglists
                0x000003f4       0x52 CMakeFiles/level_indicator.elf.dir/Drivers/STM32F4xx_HAL_Driver/Src/stm32f4xx_hal_gpio.c.obj
 .debug_rnglists
                0x00000446       0x80 CMakeFiles/level_indicator.elf.dir/Drivers/STM32F4xx_HAL_Driver/Src/stm32f4xx_hal_rcc.c.obj
 .debug_rnglists
                0x000004c6      0x1bf CMakeFiles/level_indicator.elf.dir/Drivers/STM32F4xx_HAL_Driver/Src/stm32f4xx_hal_spi.c.obj
 .debug_rnglists
                0x00000685      0x338 CMakeFiles/level_indicator.elf.dir/Drivers/STM32F4xx_HAL_Driver/Src/stm32f4xx_hal_tim.c.obj
 .debug_rnglists
                0x000009bd      0x1f1 CMakeFiles/level_indicator.elf.dir/RTT/SEGGER_RTT.c.obj
 .debug_rnglists
                0x00000bae       0x4a CMakeFiles/level_indicator.elf.dir/RTT/SEGGER_RTT_printf.c.obj
 .debug_rnglists
                0x00000bf8       0x19 CMakeFiles/level_indicator.elf.dir/Core/Src/startup_stm32f407xx.s.obj

.debug_line     0x00000000     0xcb21
 .debug_line    0x00000000      0x9c4 CMakeFiles/level_indicator.elf.dir/App/Src/accelerometer.cpp.obj
 .debug_line    0x000009c4      0x5a1 CMakeFiles/level_indicator.elf.dir/App/Src/led_controller.cpp.obj
 .debug_line    0x00000f65      0x5f9 CMakeFiles/level_indicator.elf.dir/App/Src/level_algorithm.cpp.obj
 .debug_line    0x0000155e      0xc6a CMakeFiles/level_indicator.elf.dir/App/Src/main.cpp.obj
 .debug_line    0x000021c8      0x3f4 CMakeFiles/level_indicator.elf.dir/Core/Src/stm32f4xx_hal_msp.c.obj
 .debug_line    0x000025bc      0x2cb CMakeFiles/level_indicator.elf.dir/Core/Src/stm32f4xx_it.c.obj
 .debug_line    0x00002887      0x2e6 CMakeFiles/level_indicator.elf.dir/Core/Src/system_stm32f4xx.c.obj
 .debug_line    0x00002b6d      0x684 CMakeFiles/level_indicator.elf.dir/Drivers/STM32F4xx_HAL_Driver/Src/stm32f4xx_hal.c.obj
 .debug_line    0x000031f1      0x901 CMakeFiles/level_indicator.elf.dir/Drivers/STM32F4xx_HAL_Driver/Src/stm32f4xx_hal_cortex.c.obj
 .debug_line    0x00003af2      0x776 CMakeFiles/level_indicator.elf.dir/Drivers/STM32F4xx_HAL_Driver/Src/stm32f4xx_hal_gpio.c.obj
 .debug_line    0x00004268      0xc60 CMakeFiles/level_indicator.elf.dir/Drivers/STM32F4xx_HAL_Driver/Src/stm32f4xx_hal_rcc.c.obj
 .debug_line    0x00004ec8     0x22f2 CMakeFiles/level_indicator.elf.dir/Drivers/STM32F4xx_HAL_Driver/Src/stm32f4xx_hal_spi.c.obj
 .debug_line    0x000071ba     0x3f3d CMakeFiles/level_indicator.elf.dir/Drivers/STM32F4xx_HAL_Driver/Src/stm32f4xx_hal_tim.c.obj
 .debug_line    0x0000b0f7     0x12d9 CMakeFiles/level_indicator.elf.dir/RTT/SEGGER_RTT.c.obj
 .debug_line    0x0000c3d0      0x6d7 CMakeFiles/level_indicator.elf.dir/RTT/SEGGER_RTT_printf.c.obj
 .debug_line    0x0000caa7       0x7a CMakeFiles/level_indicator.elf.dir/Core/Src/startup_stm32f407xx.s.obj

.debug_str      0x00000000     0x4bc0
 .debug_str     0x00000000     0x4bc0 CMakeFiles/level_indicator.elf.dir/App/Src/accelerometer.cpp.obj
                               0x13e3 (size before relaxing)
 .debug_str     0x00004bc0        0x0 CMakeFiles/level_indicator.elf.dir/App/Src/led_controller.cpp.obj
                                0xcab (size before relaxing)
 .debug_str     0x00004bc0        0x0 CMakeFiles/level_indicator.elf.dir/App/Src/level_algorithm.cpp.obj
                                0x6c8 (size before relaxing)
 .debug_str     0x00004bc0        0x0 CMakeFiles/level_indicator.elf.dir/App/Src/main.cpp.obj
                               0x2415 (size before relaxing)
 .debug_str     0x00004bc0        0x0 CMakeFiles/level_indicator.elf.dir/Core/Src/stm32f4xx_hal_msp.c.obj
                                0xb1d (size before relaxing)
 .debug_str     0x00004bc0        0x0 CMakeFiles/level_indicator.elf.dir/Core/Src/stm32f4xx_it.c.obj
                                0x28c (size before relaxing)
 .debug_str     0x00004bc0        0x0 CMakeFiles/level_indicator.elf.dir/Core/Src/system_stm32f4xx.c.obj
                                0x384 (size before relaxing)
 .debug_str     0x00004bc0        0x0 CMakeFiles/level_indicator.elf.dir/Drivers/STM32F4xx_HAL_Driver/Src/stm32f4xx_hal.c.obj
                                0xb73 (size before relaxing)
 .debug_str     0x00004bc0        0x0 CMakeFiles/level_indicator.elf.dir/Drivers/STM32F4xx_HAL_Driver/Src/stm32f4xx_hal_cortex.c.obj
                                0xc84 (size before relaxing)
 .debug_str     0x00004bc0        0x0 CMakeFiles/level_indicator.elf.dir/Drivers/STM32F4xx_HAL_Driver/Src/stm32f4xx_hal_gpio.c.obj
                                0x4ef (size before relaxing)
 .debug_str     0x00004bc0        0x0 CMakeFiles/level_indicator.elf.dir/Drivers/STM32F4xx_HAL_Driver/Src/stm32f4xx_hal_rcc.c.obj
                                0x715 (size before relaxing)
 .debug_str     0x00004bc0        0x0 CMakeFiles/level_indicator.elf.dir/Drivers/STM32F4xx_HAL_Driver/Src/stm32f4xx_hal_spi.c.obj
                                0xc03 (size before relaxing)
 .debug_str     0x00004bc0        0x0 CMakeFiles/level_indicator.elf.dir/Drivers/STM32F4xx_HAL_Driver/Src/stm32f4xx_hal_tim.c.obj
                               0x170e (size before relaxing)
 .debug_str     0x00004bc0        0x0 CMakeFiles/level_indicator.elf.dir/RTT/SEGGER_RTT.c.obj
                                0x6cd (size before relaxing)
 .debug_str     0x00004bc0        0x0 CMakeFiles/level_indicator.elf.dir/RTT/SEGGER_RTT_printf.c.obj
                                0x30b (size before relaxing)
 .debug_str     0x00004bc0        0x0 CMakeFiles/level_indicator.elf.dir/Core/Src/startup_stm32f407xx.s.obj
                                 0x95 (size before relaxing)

.comment        0x00000000       0x45
 .comment       0x00000000       0x45 CMakeFiles/level_indicator.elf.dir/App/Src/accelerometer.cpp.obj
                                 0x46 (size before relaxing)
 .comment       0x00000045        0x0 CMakeFiles/level_indicator.elf.dir/App/Src/led_controller.cpp.obj
                                 0x46 (size before relaxing)
 .comment       0x00000045        0x0 CMakeFiles/level_indicator.elf.dir/App/Src/level_algorithm.cpp.obj
                                 0x46 (size before relaxing)
 .comment       0x00000045        0x0 CMakeFiles/level_indicator.elf.dir/App/Src/main.cpp.obj
                                 0x46 (size before relaxing)
 .comment       0x00000045        0x0 CMakeFiles/level_indicator.elf.dir/Core/Src/stm32f4xx_hal_msp.c.obj
                                 0x46 (size before relaxing)
 .comment       0x00000045        0x0 CMakeFiles/level_indicator.elf.dir/Core/Src/stm32f4xx_it.c.obj
                                 0x46 (size before relaxing)
 .comment       0x00000045        0x0 CMakeFiles/level_indicator.elf.dir/Core/Src/system_stm32f4xx.c.obj
                                 0x46 (size before relaxing)
 .comment       0x00000045        0x0 CMakeFiles/level_indicator.elf.dir/Drivers/STM32F4xx_HAL_Driver/Src/stm32f4xx_hal.c.obj
                                 0x46 (size before relaxing)
 .comment       0x00000045        0x0 CMakeFiles/level_indicator.elf.dir/Drivers/STM32F4xx_HAL_Driver/Src/stm32f4xx_hal_cortex.c.obj
                                 0x46 (size before relaxing)
 .comment       0x00000045        0x0 CMakeFiles/level_indicator.elf.dir/Drivers/STM32F4xx_HAL_Driver/Src/stm32f4xx_hal_gpio.c.obj
                                 0x46 (size before relaxing)
 .comment       0x00000045        0x0 CMakeFiles/level_indicator.elf.dir/Drivers/STM32F4xx_HAL_Driver/Src/stm32f4xx_hal_rcc.c.obj
                                 0x46 (size before relaxing)
 .comment       0x00000045        0x0 CMakeFiles/level_indicator.elf.dir/Drivers/STM32F4xx_HAL_Driver/Src/stm32f4xx_hal_spi.c.obj
                                 0x46 (size before relaxing)
 .comment       0x00000045        0x0 CMakeFiles/level_indicator.elf.dir/Drivers/STM32F4xx_HAL_Driver/Src/stm32f4xx_hal_tim.c.obj
                                 0x46 (size before relaxing)
 .comment       0x00000045        0x0 CMakeFiles/level_indicator.elf.dir/RTT/SEGGER_RTT.c.obj
                                 0x46 (size before relaxing)
 .comment       0x00000045        0x0 CMakeFiles/level_indicator.elf.dir/RTT/SEGGER_RTT_printf.c.obj
                                 0x46 (size before relaxing)

.debug_frame    0x00000000     0x24d0
 .debug_frame   0x00000000       0xf0 CMakeFiles/level_indicator.elf.dir/App/Src/accelerometer.cpp.obj
 .debug_frame   0x000000f0       0x98 CMakeFiles/level_indicator.elf.dir/App/Src/led_controller.cpp.obj
 .debug_frame   0x00000188       0x90 CMakeFiles/level_indicator.elf.dir/App/Src/level_algorithm.cpp.obj
 .debug_frame   0x00000218       0x74 CMakeFiles/level_indicator.elf.dir/App/Src/main.cpp.obj
 .debug_frame   0x0000028c       0x9c CMakeFiles/level_indicator.elf.dir/Core/Src/stm32f4xx_hal_msp.c.obj
 .debug_frame   0x00000328       0xa4 CMakeFiles/level_indicator.elf.dir/Core/Src/stm32f4xx_it.c.obj
 .debug_frame   0x000003cc       0x30 CMakeFiles/level_indicator.elf.dir/Core/Src/system_stm32f4xx.c.obj
 .debug_frame   0x000003fc      0x1f4 CMakeFiles/level_indicator.elf.dir/Drivers/STM32F4xx_HAL_Driver/Src/stm32f4xx_hal.c.obj
 .debug_frame   0x000005f0      0x180 CMakeFiles/level_indicator.elf.dir/Drivers/STM32F4xx_HAL_Driver/Src/stm32f4xx_hal_cortex.c.obj
 .debug_frame   0x00000770       0xd4 CMakeFiles/level_indicator.elf.dir/Drivers/STM32F4xx_HAL_Driver/Src/stm32f4xx_hal_gpio.c.obj
 .debug_frame   0x00000844      0x13c CMakeFiles/level_indicator.elf.dir/Drivers/STM32F4xx_HAL_Driver/Src/stm32f4xx_hal_rcc.c.obj
 .debug_frame   0x00000980      0x5a0 CMakeFiles/level_indicator.elf.dir/Drivers/STM32F4xx_HAL_Driver/Src/stm32f4xx_hal_spi.c.obj
 .debug_frame   0x00000f20      0xa30 CMakeFiles/level_indicator.elf.dir/Drivers/STM32F4xx_HAL_Driver/Src/stm32f4xx_hal_tim.c.obj
 .debug_frame   0x00001950      0x40c CMakeFiles/level_indicator.elf.dir/RTT/SEGGER_RTT.c.obj
 .debug_frame   0x00001d5c       0xb0 CMakeFiles/level_indicator.elf.dir/RTT/SEGGER_RTT_printf.c.obj
 .debug_frame   0x00001e0c       0x28 /Users/mattheworris/arm-toolchain/arm-gnu-toolchain-15.2.rel1-darwin-arm64-arm-none-eabi/bin/../lib/gcc/arm-none-eabi/15.2.1/../../../../arm-none-eabi/lib/thumb/v7e-m+fp/hard/libstdc++_nano.a(new_op.o)
 .debug_frame   0x00001e34       0x30 /Users/mattheworris/arm-toolchain/arm-gnu-toolchain-15.2.rel1-darwin-arm64-arm-none-eabi/bin/../lib/gcc/arm-none-eabi/15.2.1/../../../../arm-none-eabi/lib/thumb/v7e-m+fp/hard/libstdc++_nano.a(new_handler.o)
 .debug_frame   0x00001e64       0x20 /Users/mattheworris/arm-toolchain/arm-gnu-toolchain-15.2.rel1-darwin-arm64-arm-none-eabi/bin/../lib/gcc/arm-none-eabi/15.2.1/../../../../arm-none-eabi/lib/thumb/v7e-m+fp/hard/libm.a(libm_a-wf_atan2.o)
 .debug_frame   0x00001e84       0x44 /Users/mattheworris/arm-toolchain/arm-gnu-toolchain-15.2.rel1-darwin-arm64-arm-none-eabi/bin/../lib/gcc/arm-none-eabi/15.2.1/../../../../arm-none-eabi/lib/thumb/v7e-m+fp/hard/libm.a(libm_a-ef_atan2.o)
 .debug_frame   0x00001ec8       0x4c /Users/mattheworris/arm-toolchain/arm-gnu-toolchain-15.2.rel1-darwin-arm64-arm-none-eabi/bin/../lib/gcc/arm-none-eabi/15.2.1/../../../../arm-none-eabi/lib/thumb/v7e-m+fp/hard/libm.a(libm_a-sf_atan.o)
 .debug_frame   0x00001f14       0x20 /Users/mattheworris/arm-toolchain/arm-gnu-toolchain-15.2.rel1-darwin-arm64-arm-none-eabi/bin/../lib/gcc/arm-none-eabi/15.2.1/../../../../arm-none-eabi/lib/thumb/v7e-m+fp/hard/libm.a(libm_a-sf_fabs.o)
 .debug_frame   0x00001f34       0x28 /Users/mattheworris/arm-toolchain/arm-gnu-toolchain-15.2.rel1-darwin-arm64-arm-none-eabi/bin/../lib/gcc/arm-none-eabi/15.2.1/../../../../arm-none-eabi/lib/thumb/v7e-m+fp/hard/libc_nano.a(libc_a-abort.o)
 .debug_frame   0x00001f5c       0x30 /Users/mattheworris/arm-toolchain/arm-gnu-toolchain-15.2.rel1-darwin-arm64-arm-none-eabi/bin/../lib/gcc/arm-none-eabi/15.2.1/../../../../arm-none-eabi/lib/thumb/v7e-m+fp/hard/libc_nano.a(libc_a-malloc.o)
 .debug_frame   0x00001f8c       0x50 /Users/mattheworris/arm-toolchain/arm-gnu-toolchain-15.2.rel1-darwin-arm64-arm-none-eabi/bin/../lib/gcc/arm-none-eabi/15.2.1/../../../../arm-none-eabi/lib/thumb/v7e-m+fp/hard/libc_nano.a(libc_a-mallocr.o)
 .debug_frame   0x00001fdc       0x30 /Users/mattheworris/arm-toolchain/arm-gnu-toolchain-15.2.rel1-darwin-arm64-arm-none-eabi/bin/../lib/gcc/arm-none-eabi/15.2.1/../../../../arm-none-eabi/lib/thumb/v7e-m+fp/hard/libc_nano.a(libc_a-mlock.o)
 .debug_frame   0x0000200c      0x144 /Users/mattheworris/arm-toolchain/arm-gnu-toolchain-15.2.rel1-darwin-arm64-arm-none-eabi/bin/../lib/gcc/arm-none-eabi/15.2.1/../../../../arm-none-eabi/lib/thumb/v7e-m+fp/hard/libc_nano.a(libc_a-findfp.o)
 .debug_frame   0x00002150       0x20 /Users/mattheworris/arm-toolchain/arm-gnu-toolchain-15.2.rel1-darwin-arm64-arm-none-eabi/bin/../lib/gcc/arm-none-eabi/15.2.1/../../../../arm-none-eabi/lib/thumb/v7e-m+fp/hard/libc_nano.a(libc_a-memset.o)
 .debug_frame   0x00002170       0xcc /Users/mattheworris/arm-toolchain/arm-gnu-toolchain-15.2.rel1-darwin-arm64-arm-none-eabi/bin/../lib/gcc/arm-none-eabi/15.2.1/../../../../arm-none-eabi/lib/thumb/v7e-m+fp/hard/libc_nano.a(libc_a-signal.o)
 .debug_frame   0x0000223c       0x3c /Users/mattheworris/arm-toolchain/arm-gnu-toolchain-15.2.rel1-darwin-arm64-arm-none-eabi/bin/../lib/gcc/arm-none-eabi/15.2.1/../../../../arm-none-eabi/lib/thumb/v7e-m+fp/hard/libc_nano.a(libc_a-signalr.o)
 .debug_frame   0x00002278       0x2c /Users/mattheworris/arm-toolchain/arm-gnu-toolchain-15.2.rel1-darwin-arm64-arm-none-eabi/bin/../lib/gcc/arm-none-eabi/15.2.1/../../../../arm-none-eabi/lib/thumb/v7e-m+fp/hard/libc_nano.a(libc_a-sbrkr.o)
 .debug_frame   0x000022a4       0x2c /Users/mattheworris/arm-toolchain/arm-gnu-toolchain-15.2.rel1-darwin-arm64-arm-none-eabi/bin/../lib/gcc/arm-none-eabi/15.2.1/../../../../arm-none-eabi/lib/thumb/v7e-m+fp/hard/libc_nano.a(libc_a-init.o)
 .debug_frame   0x000022d0       0xb0 /Users/mattheworris/arm-toolchain/arm-gnu-toolchain-15.2.rel1-darwin-arm64-arm-none-eabi/bin/../lib/gcc/arm-none-eabi/15.2.1/../../../../arm-none-eabi/lib/thumb/v7e-m+fp/hard/libc_nano.a(libc_a-lock.o)
 .debug_frame   0x00002380       0x38 /Users/mattheworris/arm-toolchain/arm-gnu-toolchain-15.2.rel1-darwin-arm64-arm-none-eabi/bin/../lib/gcc/arm-none-eabi/15.2.1/../../../../arm-none-eabi/lib/thumb/v7e-m+fp/hard/libc_nano.a(libc_a-reent.o)
 .debug_frame   0x000023b8       0x28 /Users/mattheworris/arm-toolchain/arm-gnu-toolchain-15.2.rel1-darwin-arm64-arm-none-eabi/bin/../lib/gcc/arm-none-eabi/15.2.1/../../../../arm-none-eabi/lib/thumb/v7e-m+fp/hard/libc_nano.a(libc_a-memcpy-stub.o)
 .debug_frame   0x000023e0       0x2c /Users/mattheworris/arm-toolchain/arm-gnu-toolchain-15.2.rel1-darwin-arm64-arm-none-eabi/bin/../lib/gcc/arm-none-eabi/15.2.1/thumb/v7e-m+fp/hard/libgcc.a(_aeabi_uldivmod.o)
 .debug_frame   0x0000240c       0x44 /Users/mattheworris/arm-toolchain/arm-gnu-toolchain-15.2.rel1-darwin-arm64-arm-none-eabi/bin/../lib/gcc/arm-none-eabi/15.2.1/thumb/v7e-m+fp/hard/libgcc.a(_udivmoddi4.o)
 .debug_frame   0x00002450       0x20 /Users/mattheworris/arm-toolchain/arm-gnu-toolchain-15.2.rel1-darwin-arm64-arm-none-eabi/bin/../lib/gcc/arm-none-eabi/15.2.1/../../../../arm-none-eabi/lib/thumb/v7e-m+fp/hard/libnosys.a(getpid.o)
 .debug_frame   0x00002470       0x20 /Users/mattheworris/arm-toolchain/arm-gnu-toolchain-15.2.rel1-darwin-arm64-arm-none-eabi/bin/../lib/gcc/arm-none-eabi/15.2.1/../../../../arm-none-eabi/lib/thumb/v7e-m+fp/hard/libnosys.a(kill.o)
 .debug_frame   0x00002490       0x20 /Users/mattheworris/arm-toolchain/arm-gnu-toolchain-15.2.rel1-darwin-arm64-arm-none-eabi/bin/../lib/gcc/arm-none-eabi/15.2.1/../../../../arm-none-eabi/lib/thumb/v7e-m+fp/hard/libnosys.a(sbrk.o)
 .debug_frame   0x000024b0       0x20 /Users/mattheworris/arm-toolchain/arm-gnu-toolchain-15.2.rel1-darwin-arm64-arm-none-eabi/bin/../lib/gcc/arm-none-eabi/15.2.1/../../../../arm-none-eabi/lib/thumb/v7e-m+fp/hard/libnosys.a(_exit.o)

.debug_line_str
                0x00000000      0x157
 .debug_line_str
                0x00000000      0x157 CMakeFiles/level_indicator.elf.dir/Core/Src/startup_stm32f407xx.s.obj
                                 0x79 (size before relaxing)
 .debug_line_str
                0x00000157        0x0 /Users/mattheworris/arm-toolchain/arm-gnu-toolchain-15.2.rel1-darwin-arm64-arm-none-eabi/bin/../lib/gcc/arm-none-eabi/15.2.1/thumb/v7e-m+fp/hard/libgcc.a(_aeabi_uldivmod.o)
                                 0xd2 (size before relaxing)
 .debug_line_str
                0x00000157        0x0 /Users/mattheworris/arm-toolchain/arm-gnu-toolchain-15.2.rel1-darwin-arm64-arm-none-eabi/bin/../lib/gcc/arm-none-eabi/15.2.1/thumb/v7e-m+fp/hard/libgcc.a(_dvmd_tls.o)
                                 0xd6 (size before relaxing)